
> nextjs-app@1.0.0 build C:\Users\kisho\WorkSpace\Local-Service-Marketplace\frontend
> next build

node.exe :  ΓÜá You are using a non-standard "NODE_ENV" value in your environment. This creates inconsistencies in the 
project and is strongly advised against. Read more: https://nextjs.org/docs/messages/non-standard-node-env
At C:\Users\kisho\AppData\Roaming\npm\pnpm.ps1:24 char:5
+     & "node$exe"  "$basedir/node_modules/pnpm/bin/pnpm.cjs" $args
+     ~~~~~~~~~~~~~~~~~~~~~~~~~~~~~~~~~~~~~~~~~~~~~~~~~~~~~~~~~~~~~
    + CategoryInfo          : NotSpecified: ( ΓÜá You are us...andard-node-env:String) [], RemoteException
    + FullyQualifiedErrorId : NativeCommandError
 
   Γû▓ Next.js 14.1.0
   - Environments: .env.local, .env

   Creating an optimized production build ...
 Γ£ô Compiled successfully
   Linting and checking validity of types ...
   Collecting page data ...
http://localhost:3700
 ΓÜá Using edge runtime on a page currently disables static generation for that page
   Generating static pages (0/63) ...

 ΓÜá metadata.metadataBase is not set for resolving social open graph or twitter images, using 
"http://localhost:3000". See https://nextjs.org/docs/app/api-reference/functions/generate-metadata#metadatabase
 Γ¿» TypeError: Cannot read properties of null (reading 'useContext')
    at x (C:\Users\kisho\WorkSpace\Local-Service-Marketplace\frontend\.next\server\chunks\9273.js:126:43645)
    at f (C:\Users\kisho\WorkSpace\Local-Service-Marketplace\frontend\.next\server\chunks\9273.js:126:34774)

 ΓÜá metadata.metadataBase is not set for resolving social open graph or twitter images, using 
"http://localhost:3000". See https://nextjs.org/docs/app/api-reference/functions/generate-metadata#metadatabase
 Γ¿» TypeError: Cannot read properties of null (reading 'useContext')
    at x (C:\Users\kisho\WorkSpace\Local-Service-Marketplace\frontend\.next\server\chunks\9273.js:126:43645)
    at f (C:\Users\kisho\WorkSpace\Local-Service-Marketplace\frontend\.next\server\chunks\9273.js:126:34774)
TypeError: Cannot read properties of null (reading 'useContext')
    at t.useContext (C:\Users\kisho\WorkSpace\Local-Service-Marketplace\frontend\node_modules\.pnpm\next@14.1.0_@babel+
core@7.2_65e8f102da6c0774eb4814b9bce337c8\node_modules\next\dist\compiled\next-server\app-page.runtime.prod.js:12:10889
8)
    at x (C:\Users\kisho\WorkSpace\Local-Service-Marketplace\frontend\.next\server\chunks\9273.js:126:43645)
    at f (C:\Users\kisho\WorkSpace\Local-Service-Marketplace\frontend\.next\server\chunks\9273.js:126:34774)
    at as (C:\Users\kisho\WorkSpace\Local-Service-Marketplace\frontend\node_modules\.pnpm\next@14.1.0_@babel+core@7.2_6
5e8f102da6c0774eb4814b9bce337c8\node_modules\next\dist\compiled\next-server\app-page.runtime.dev.js:35:6391)
    at C:\Users\kisho\WorkSpace\Local-Service-Marketplace\frontend\node_modules\.pnpm\next@14.1.0_@babel+core@7.2_65e8f
102da6c0774eb4814b9bce337c8\node_modules\next\dist\compiled\next-server\app-page.runtime.dev.js:35:11242
    at aw (C:\Users\kisho\WorkSpace\Local-Service-Marketplace\frontend\node_modules\.pnpm\next@14.1.0_@babel+core@7.2_6
5e8f102da6c0774eb4814b9bce337c8\node_modules\next\dist\compiled\next-server\app-page.runtime.dev.js:35:13009)
    at ak (C:\Users\kisho\WorkSpace\Local-Service-Marketplace\frontend\node_modules\.pnpm\next@14.1.0_@babel+core@7.2_6
5e8f102da6c0774eb4814b9bce337c8\node_modules\next\dist\compiled\next-server\app-page.runtime.dev.js:35:46552)
    at av (C:\Users\kisho\WorkSpace\Local-Service-Marketplace\frontend\node_modules\.pnpm\next@14.1.0_@babel+core@7.2_6
5e8f102da6c0774eb4814b9bce337c8\node_modules\next\dist\compiled\next-server\app-page.runtime.dev.js:35:7809)
    at C:\Users\kisho\WorkSpace\Local-Service-Marketplace\frontend\node_modules\.pnpm\next@14.1.0_@babel+core@7.2_65e8f
102da6c0774eb4814b9bce337c8\node_modules\next\dist\compiled\next-server\app-page.runtime.dev.js:35:12972
    at aw (C:\Users\kisho\WorkSpace\Local-Service-Marketplace\frontend\node_modules\.pnpm\next@14.1.0_@babel+core@7.2_6
5e8f102da6c0774eb4814b9bce337c8\node_modules\next\dist\compiled\next-server\app-page.runtime.dev.js:35:13009)

Error occurred prerendering page "/careers". Read more: https://nextjs.org/docs/messages/prerender-error

TypeError: Cannot read properties of null (reading 'useContext')
    at t.useContext (C:\Users\kisho\WorkSpace\Local-Service-Marketplace\frontend\node_modules\.pnpm\next@14.1.0_@babel+
core@7.2_65e8f102da6c0774eb4814b9bce337c8\node_modules\next\dist\compiled\next-server\app-page.runtime.prod.js:12:10889
8)
    at x (C:\Users\kisho\WorkSpace\Local-Service-Marketplace\frontend\.next\server\chunks\9273.js:126:43645)
    at f (C:\Users\kisho\WorkSpace\Local-Service-Marketplace\frontend\.next\server\chunks\9273.js:126:34774)
    at as (C:\Users\kisho\WorkSpace\Local-Service-Marketplace\frontend\node_modules\.pnpm\next@14.1.0_@babel+core@7.2_6
5e8f102da6c0774eb4814b9bce337c8\node_modules\next\dist\compiled\next-server\app-page.runtime.dev.js:35:6391)
    at C:\Users\kisho\WorkSpace\Local-Service-Marketplace\frontend\node_modules\.pnpm\next@14.1.0_@babel+core@7.2_65e8f
102da6c0774eb4814b9bce337c8\node_modules\next\dist\compiled\next-server\app-page.runtime.dev.js:35:11242
    at aw (C:\Users\kisho\WorkSpace\Local-Service-Marketplace\frontend\node_modules\.pnpm\next@14.1.0_@babel+core@7.2_6
5e8f102da6c0774eb4814b9bce337c8\node_modules\next\dist\compiled\next-server\app-page.runtime.dev.js:35:13009)
    at ak (C:\Users\kisho\WorkSpace\Local-Service-Marketplace\frontend\node_modules\.pnpm\next@14.1.0_@babel+core@7.2_6
5e8f102da6c0774eb4814b9bce337c8\node_modules\next\dist\compiled\next-server\app-page.runtime.dev.js:35:46552)
    at av (C:\Users\kisho\WorkSpace\Local-Service-Marketplace\frontend\node_modules\.pnpm\next@14.1.0_@babel+core@7.2_6
5e8f102da6c0774eb4814b9bce337c8\node_modules\next\dist\compiled\next-server\app-page.runtime.dev.js:35:7809)
    at C:\Users\kisho\WorkSpace\Local-Service-Marketplace\frontend\node_modules\.pnpm\next@14.1.0_@babel+core@7.2_65e8f
102da6c0774eb4814b9bce337c8\node_modules\next\dist\compiled\next-server\app-page.runtime.dev.js:35:12972
    at aw (C:\Users\kisho\WorkSpace\Local-Service-Marketplace\frontend\node_modules\.pnpm\next@14.1.0_@babel+core@7.2_6
5e8f102da6c0774eb4814b9bce337c8\node_modules\next\dist\compiled\next-server\app-page.runtime.dev.js:35:13009)

 ΓÜá metadata.metadataBase is not set for resolving social open graph or twitter images, using 
"http://localhost:3000". See https://nextjs.org/docs/app/api-reference/functions/generate-metadata#metadatabase
 Γ¿» TypeError: Cannot read properties of null (reading 'useContext')
    at x (C:\Users\kisho\WorkSpace\Local-Service-Marketplace\frontend\.next\server\chunks\9273.js:126:43645)
    at f (C:\Users\kisho\WorkSpace\Local-Service-Marketplace\frontend\.next\server\chunks\9273.js:126:34774)
TypeError: Cannot read properties of null (reading 'useContext')
    at t.useContext (C:\Users\kisho\WorkSpace\Local-Service-Marketplace\frontend\node_modules\.pnpm\next@14.1.0_@babel+
core@7.2_65e8f102da6c0774eb4814b9bce337c8\node_modules\next\dist\compiled\next-server\app-page.runtime.prod.js:12:10889
8)
    at x (C:\Users\kisho\WorkSpace\Local-Service-Marketplace\frontend\.next\server\chunks\9273.js:126:43645)
    at f (C:\Users\kisho\WorkSpace\Local-Service-Marketplace\frontend\.next\server\chunks\9273.js:126:34774)
    at as (C:\Users\kisho\WorkSpace\Local-Service-Marketplace\frontend\node_modules\.pnpm\next@14.1.0_@babel+core@7.2_6
5e8f102da6c0774eb4814b9bce337c8\node_modules\next\dist\compiled\next-server\app-page.runtime.dev.js:35:6391)
    at C:\Users\kisho\WorkSpace\Local-Service-Marketplace\frontend\node_modules\.pnpm\next@14.1.0_@babel+core@7.2_65e8f
102da6c0774eb4814b9bce337c8\node_modules\next\dist\compiled\next-server\app-page.runtime.dev.js:35:11242
    at aw (C:\Users\kisho\WorkSpace\Local-Service-Marketplace\frontend\node_modules\.pnpm\next@14.1.0_@babel+core@7.2_6
5e8f102da6c0774eb4814b9bce337c8\node_modules\next\dist\compiled\next-server\app-page.runtime.dev.js:35:13009)
    at ak (C:\Users\kisho\WorkSpace\Local-Service-Marketplace\frontend\node_modules\.pnpm\next@14.1.0_@babel+core@7.2_6
5e8f102da6c0774eb4814b9bce337c8\node_modules\next\dist\compiled\next-server\app-page.runtime.dev.js:35:46552)
    at av (C:\Users\kisho\WorkSpace\Local-Service-Marketplace\frontend\node_modules\.pnpm\next@14.1.0_@babel+core@7.2_6
5e8f102da6c0774eb4814b9bce337c8\node_modules\next\dist\compiled\next-server\app-page.runtime.dev.js:35:7809)
    at C:\Users\kisho\WorkSpace\Local-Service-Marketplace\frontend\node_modules\.pnpm\next@14.1.0_@babel+core@7.2_65e8f
102da6c0774eb4814b9bce337c8\node_modules\next\dist\compiled\next-server\app-page.runtime.dev.js:35:12972
    at aw (C:\Users\kisho\WorkSpace\Local-Service-Marketplace\frontend\node_modules\.pnpm\next@14.1.0_@babel+core@7.2_6
5e8f102da6c0774eb4814b9bce337c8\node_modules\next\dist\compiled\next-server\app-page.runtime.dev.js:35:13009)

Error occurred prerendering page "/checkout". Read more: https://nextjs.org/docs/messages/prerender-error

TypeError: Cannot read properties of null (reading 'useContext')
    at t.useContext (C:\Users\kisho\WorkSpace\Local-Service-Marketplace\frontend\node_modules\.pnpm\next@14.1.0_@babel+
core@7.2_65e8f102da6c0774eb4814b9bce337c8\node_modules\next\dist\compiled\next-server\app-page.runtime.prod.js:12:10889
8)
    at x (C:\Users\kisho\WorkSpace\Local-Service-Marketplace\frontend\.next\server\chunks\9273.js:126:43645)
    at f (C:\Users\kisho\WorkSpace\Local-Service-Marketplace\frontend\.next\server\chunks\9273.js:126:34774)
    at as (C:\Users\kisho\WorkSpace\Local-Service-Marketplace\frontend\node_modules\.pnpm\next@14.1.0_@babel+core@7.2_6
5e8f102da6c0774eb4814b9bce337c8\node_modules\next\dist\compiled\next-server\app-page.runtime.dev.js:35:6391)
    at C:\Users\kisho\WorkSpace\Local-Service-Marketplace\frontend\node_modules\.pnpm\next@14.1.0_@babel+core@7.2_65e8f
102da6c0774eb4814b9bce337c8\node_modules\next\dist\compiled\next-server\app-page.runtime.dev.js:35:11242
    at aw (C:\Users\kisho\WorkSpace\Local-Service-Marketplace\frontend\node_modules\.pnpm\next@14.1.0_@babel+core@7.2_6
5e8f102da6c0774eb4814b9bce337c8\node_modules\next\dist\compiled\next-server\app-page.runtime.dev.js:35:13009)
    at ak (C:\Users\kisho\WorkSpace\Local-Service-Marketplace\frontend\node_modules\.pnpm\next@14.1.0_@babel+core@7.2_6
5e8f102da6c0774eb4814b9bce337c8\node_modules\next\dist\compiled\next-server\app-page.runtime.dev.js:35:46552)
    at av (C:\Users\kisho\WorkSpace\Local-Service-Marketplace\frontend\node_modules\.pnpm\next@14.1.0_@babel+core@7.2_6
5e8f102da6c0774eb4814b9bce337c8\node_modules\next\dist\compiled\next-server\app-page.runtime.dev.js:35:7809)
    at C:\Users\kisho\WorkSpace\Local-Service-Marketplace\frontend\node_modules\.pnpm\next@14.1.0_@babel+core@7.2_65e8f
102da6c0774eb4814b9bce337c8\node_modules\next\dist\compiled\next-server\app-page.runtime.dev.js:35:12972
    at aw (C:\Users\kisho\WorkSpace\Local-Service-Marketplace\frontend\node_modules\.pnpm\next@14.1.0_@babel+core@7.2_6
5e8f102da6c0774eb4814b9bce337c8\node_modules\next\dist\compiled\next-server\app-page.runtime.dev.js:35:13009)

 ΓÜá metadata.metadataBase is not set for resolving social open graph or twitter images, using 
"http://localhost:3000". See https://nextjs.org/docs/app/api-reference/functions/generate-metadata#metadatabase
 Γ¿» TypeError: Cannot read properties of null (reading 'useContext')
    at x (C:\Users\kisho\WorkSpace\Local-Service-Marketplace\frontend\.next\server\chunks\9273.js:126:43645)
    at f (C:\Users\kisho\WorkSpace\Local-Service-Marketplace\frontend\.next\server\chunks\9273.js:126:34774)

 ΓÜá metadata.metadataBase is not set for resolving social open graph or twitter images, using 
"http://localhost:3000". See https://nextjs.org/docs/app/api-reference/functions/generate-metadata#metadatabase
 Γ¿» TypeError: Cannot read properties of null (reading 'useContext')
    at x (C:\Users\kisho\WorkSpace\Local-Service-Marketplace\frontend\.next\server\chunks\9273.js:126:43645)
    at f (C:\Users\kisho\WorkSpace\Local-Service-Marketplace\frontend\.next\server\chunks\9273.js:126:34774)
TypeError: Cannot read properties of null (reading 'useContext')
    at t.useContext (C:\Users\kisho\WorkSpace\Local-Service-Marketplace\frontend\node_modules\.pnpm\next@14.1.0_@babel+
core@7.2_65e8f102da6c0774eb4814b9bce337c8\node_modules\next\dist\compiled\next-server\app-page.runtime.prod.js:12:10889
8)
    at x (C:\Users\kisho\WorkSpace\Local-Service-Marketplace\frontend\.next\server\chunks\9273.js:126:43645)
    at f (C:\Users\kisho\WorkSpace\Local-Service-Marketplace\frontend\.next\server\chunks\9273.js:126:34774)
    at as (C:\Users\kisho\WorkSpace\Local-Service-Marketplace\frontend\node_modules\.pnpm\next@14.1.0_@babel+core@7.2_6
5e8f102da6c0774eb4814b9bce337c8\node_modules\next\dist\compiled\next-server\app-page.runtime.dev.js:35:6391)
    at C:\Users\kisho\WorkSpace\Local-Service-Marketplace\frontend\node_modules\.pnpm\next@14.1.0_@babel+core@7.2_65e8f
102da6c0774eb4814b9bce337c8\node_modules\next\dist\compiled\next-server\app-page.runtime.dev.js:35:11242
    at aw (C:\Users\kisho\WorkSpace\Local-Service-Marketplace\frontend\node_modules\.pnpm\next@14.1.0_@babel+core@7.2_6
5e8f102da6c0774eb4814b9bce337c8\node_modules\next\dist\compiled\next-server\app-page.runtime.dev.js:35:13009)
    at ak (C:\Users\kisho\WorkSpace\Local-Service-Marketplace\frontend\node_modules\.pnpm\next@14.1.0_@babel+core@7.2_6
5e8f102da6c0774eb4814b9bce337c8\node_modules\next\dist\compiled\next-server\app-page.runtime.dev.js:35:46552)
    at av (C:\Users\kisho\WorkSpace\Local-Service-Marketplace\frontend\node_modules\.pnpm\next@14.1.0_@babel+core@7.2_6
5e8f102da6c0774eb4814b9bce337c8\node_modules\next\dist\compiled\next-server\app-page.runtime.dev.js:35:7809)
    at C:\Users\kisho\WorkSpace\Local-Service-Marketplace\frontend\node_modules\.pnpm\next@14.1.0_@babel+core@7.2_65e8f
102da6c0774eb4814b9bce337c8\node_modules\next\dist\compiled\next-server\app-page.runtime.dev.js:35:12972
    at aw (C:\Users\kisho\WorkSpace\Local-Service-Marketplace\frontend\node_modules\.pnpm\next@14.1.0_@babel+core@7.2_6
5e8f102da6c0774eb4814b9bce337c8\node_modules\next\dist\compiled\next-server\app-page.runtime.dev.js:35:13009)

Error occurred prerendering page "/about". Read more: https://nextjs.org/docs/messages/prerender-error

TypeError: Cannot read properties of null (reading 'useContext')
    at t.useContext (C:\Users\kisho\WorkSpace\Local-Service-Marketplace\frontend\node_modules\.pnpm\next@14.1.0_@babel+
core@7.2_65e8f102da6c0774eb4814b9bce337c8\node_modules\next\dist\compiled\next-server\app-page.runtime.prod.js:12:10889
8)
    at x (C:\Users\kisho\WorkSpace\Local-Service-Marketplace\frontend\.next\server\chunks\9273.js:126:43645)
    at f (C:\Users\kisho\WorkSpace\Local-Service-Marketplace\frontend\.next\server\chunks\9273.js:126:34774)
    at as (C:\Users\kisho\WorkSpace\Local-Service-Marketplace\frontend\node_modules\.pnpm\next@14.1.0_@babel+core@7.2_6
5e8f102da6c0774eb4814b9bce337c8\node_modules\next\dist\compiled\next-server\app-page.runtime.dev.js:35:6391)
    at C:\Users\kisho\WorkSpace\Local-Service-Marketplace\frontend\node_modules\.pnpm\next@14.1.0_@babel+core@7.2_65e8f
102da6c0774eb4814b9bce337c8\node_modules\next\dist\compiled\next-server\app-page.runtime.dev.js:35:11242
    at aw (C:\Users\kisho\WorkSpace\Local-Service-Marketplace\frontend\node_modules\.pnpm\next@14.1.0_@babel+core@7.2_6
5e8f102da6c0774eb4814b9bce337c8\node_modules\next\dist\compiled\next-server\app-page.runtime.dev.js:35:13009)
    at ak (C:\Users\kisho\WorkSpace\Local-Service-Marketplace\frontend\node_modules\.pnpm\next@14.1.0_@babel+core@7.2_6
5e8f102da6c0774eb4814b9bce337c8\node_modules\next\dist\compiled\next-server\app-page.runtime.dev.js:35:46552)
    at av (C:\Users\kisho\WorkSpace\Local-Service-Marketplace\frontend\node_modules\.pnpm\next@14.1.0_@babel+core@7.2_6
5e8f102da6c0774eb4814b9bce337c8\node_modules\next\dist\compiled\next-server\app-page.runtime.dev.js:35:7809)
    at C:\Users\kisho\WorkSpace\Local-Service-Marketplace\frontend\node_modules\.pnpm\next@14.1.0_@babel+core@7.2_65e8f
102da6c0774eb4814b9bce337c8\node_modules\next\dist\compiled\next-server\app-page.runtime.dev.js:35:12972
    at aw (C:\Users\kisho\WorkSpace\Local-Service-Marketplace\frontend\node_modules\.pnpm\next@14.1.0_@babel+core@7.2_6
5e8f102da6c0774eb4814b9bce337c8\node_modules\next\dist\compiled\next-server\app-page.runtime.dev.js:35:13009)

 ΓÜá metadata.metadataBase is not set for resolving social open graph or twitter images, using 
"http://localhost:3000". See https://nextjs.org/docs/app/api-reference/functions/generate-metadata#metadatabase
 Γ¿» TypeError: Cannot read properties of null (reading 'useContext')
    at x (C:\Users\kisho\WorkSpace\Local-Service-Marketplace\frontend\.next\server\chunks\9273.js:126:43645)
    at f (C:\Users\kisho\WorkSpace\Local-Service-Marketplace\frontend\.next\server\chunks\9273.js:126:34774)
TypeError: Cannot read properties of null (reading 'useContext')
    at t.useContext (C:\Users\kisho\WorkSpace\Local-Service-Marketplace\frontend\node_modules\.pnpm\next@14.1.0_@babel+
core@7.2_65e8f102da6c0774eb4814b9bce337c8\node_modules\next\dist\compiled\next-server\app-page.runtime.prod.js:12:10889
8)
    at x (C:\Users\kisho\WorkSpace\Local-Service-Marketplace\frontend\.next\server\chunks\9273.js:126:43645)
    at f (C:\Users\kisho\WorkSpace\Local-Service-Marketplace\frontend\.next\server\chunks\9273.js:126:34774)
    at as (C:\Users\kisho\WorkSpace\Local-Service-Marketplace\frontend\node_modules\.pnpm\next@14.1.0_@babel+core@7.2_6
5e8f102da6c0774eb4814b9bce337c8\node_modules\next\dist\compiled\next-server\app-page.runtime.dev.js:35:6391)
    at C:\Users\kisho\WorkSpace\Local-Service-Marketplace\frontend\node_modules\.pnpm\next@14.1.0_@babel+core@7.2_65e8f
102da6c0774eb4814b9bce337c8\node_modules\next\dist\compiled\next-server\app-page.runtime.dev.js:35:11242
    at aw (C:\Users\kisho\WorkSpace\Local-Service-Marketplace\frontend\node_modules\.pnpm\next@14.1.0_@babel+core@7.2_6
5e8f102da6c0774eb4814b9bce337c8\node_modules\next\dist\compiled\next-server\app-page.runtime.dev.js:35:13009)
    at ak (C:\Users\kisho\WorkSpace\Local-Service-Marketplace\frontend\node_modules\.pnpm\next@14.1.0_@babel+core@7.2_6
5e8f102da6c0774eb4814b9bce337c8\node_modules\next\dist\compiled\next-server\app-page.runtime.dev.js:35:46552)
    at av (C:\Users\kisho\WorkSpace\Local-Service-Marketplace\frontend\node_modules\.pnpm\next@14.1.0_@babel+core@7.2_6
5e8f102da6c0774eb4814b9bce337c8\node_modules\next\dist\compiled\next-server\app-page.runtime.dev.js:35:7809)
    at C:\Users\kisho\WorkSpace\Local-Service-Marketplace\frontend\node_modules\.pnpm\next@14.1.0_@babel+core@7.2_65e8f
102da6c0774eb4814b9bce337c8\node_modules\next\dist\compiled\next-server\app-page.runtime.dev.js:35:12972
    at aw (C:\Users\kisho\WorkSpace\Local-Service-Marketplace\frontend\node_modules\.pnpm\next@14.1.0_@babel+core@7.2_6
5e8f102da6c0774eb4814b9bce337c8\node_modules\next\dist\compiled\next-server\app-page.runtime.dev.js:35:13009)

Error occurred prerendering page "/auth/callback". Read more: https://nextjs.org/docs/messages/prerender-error

TypeError: Cannot read properties of null (reading 'useContext')
    at t.useContext (C:\Users\kisho\WorkSpace\Local-Service-Marketplace\frontend\node_modules\.pnpm\next@14.1.0_@babel+
core@7.2_65e8f102da6c0774eb4814b9bce337c8\node_modules\next\dist\compiled\next-server\app-page.runtime.prod.js:12:10889
8)
    at x (C:\Users\kisho\WorkSpace\Local-Service-Marketplace\frontend\.next\server\chunks\9273.js:126:43645)
    at f (C:\Users\kisho\WorkSpace\Local-Service-Marketplace\frontend\.next\server\chunks\9273.js:126:34774)
    at as (C:\Users\kisho\WorkSpace\Local-Service-Marketplace\frontend\node_modules\.pnpm\next@14.1.0_@babel+core@7.2_6
5e8f102da6c0774eb4814b9bce337c8\node_modules\next\dist\compiled\next-server\app-page.runtime.dev.js:35:6391)
    at C:\Users\kisho\WorkSpace\Local-Service-Marketplace\frontend\node_modules\.pnpm\next@14.1.0_@babel+core@7.2_65e8f
102da6c0774eb4814b9bce337c8\node_modules\next\dist\compiled\next-server\app-page.runtime.dev.js:35:11242
    at aw (C:\Users\kisho\WorkSpace\Local-Service-Marketplace\frontend\node_modules\.pnpm\next@14.1.0_@babel+core@7.2_6
5e8f102da6c0774eb4814b9bce337c8\node_modules\next\dist\compiled\next-server\app-page.runtime.dev.js:35:13009)
    at ak (C:\Users\kisho\WorkSpace\Local-Service-Marketplace\frontend\node_modules\.pnpm\next@14.1.0_@babel+core@7.2_6
5e8f102da6c0774eb4814b9bce337c8\node_modules\next\dist\compiled\next-server\app-page.runtime.dev.js:35:46552)
    at av (C:\Users\kisho\WorkSpace\Local-Service-Marketplace\frontend\node_modules\.pnpm\next@14.1.0_@babel+core@7.2_6
5e8f102da6c0774eb4814b9bce337c8\node_modules\next\dist\compiled\next-server\app-page.runtime.dev.js:35:7809)
    at C:\Users\kisho\WorkSpace\Local-Service-Marketplace\frontend\node_modules\.pnpm\next@14.1.0_@babel+core@7.2_65e8f
102da6c0774eb4814b9bce337c8\node_modules\next\dist\compiled\next-server\app-page.runtime.dev.js:35:12972
    at aw (C:\Users\kisho\WorkSpace\Local-Service-Marketplace\frontend\node_modules\.pnpm\next@14.1.0_@babel+core@7.2_6
5e8f102da6c0774eb4814b9bce337c8\node_modules\next\dist\compiled\next-server\app-page.runtime.dev.js:35:13009)

 ΓÜá metadata.metadataBase is not set for resolving social open graph or twitter images, using 
"http://localhost:3000". See https://nextjs.org/docs/app/api-reference/functions/generate-metadata#metadatabase
 Γ¿» TypeError: Cannot read properties of null (reading 'useContext')
    at x (C:\Users\kisho\WorkSpace\Local-Service-Marketplace\frontend\.next\server\chunks\9273.js:126:43645)
    at f (C:\Users\kisho\WorkSpace\Local-Service-Marketplace\frontend\.next\server\chunks\9273.js:126:34774)
TypeError: Cannot read properties of null (reading 'useContext')
    at t.useContext (C:\Users\kisho\WorkSpace\Local-Service-Marketplace\frontend\node_modules\.pnpm\next@14.1.0_@babel+
core@7.2_65e8f102da6c0774eb4814b9bce337c8\node_modules\next\dist\compiled\next-server\app-page.runtime.prod.js:12:10889
8)
    at x (C:\Users\kisho\WorkSpace\Local-Service-Marketplace\frontend\.next\server\chunks\9273.js:126:43645)
    at f (C:\Users\kisho\WorkSpace\Local-Service-Marketplace\frontend\.next\server\chunks\9273.js:126:34774)
    at as (C:\Users\kisho\WorkSpace\Local-Service-Marketplace\frontend\node_modules\.pnpm\next@14.1.0_@babel+core@7.2_6
5e8f102da6c0774eb4814b9bce337c8\node_modules\next\dist\compiled\next-server\app-page.runtime.dev.js:35:6391)
    at C:\Users\kisho\WorkSpace\Local-Service-Marketplace\frontend\node_modules\.pnpm\next@14.1.0_@babel+core@7.2_65e8f
102da6c0774eb4814b9bce337c8\node_modules\next\dist\compiled\next-server\app-page.runtime.dev.js:35:11242
    at aw (C:\Users\kisho\WorkSpace\Local-Service-Marketplace\frontend\node_modules\.pnpm\next@14.1.0_@babel+core@7.2_6
5e8f102da6c0774eb4814b9bce337c8\node_modules\next\dist\compiled\next-server\app-page.runtime.dev.js:35:13009)
    at ak (C:\Users\kisho\WorkSpace\Local-Service-Marketplace\frontend\node_modules\.pnpm\next@14.1.0_@babel+core@7.2_6
5e8f102da6c0774eb4814b9bce337c8\node_modules\next\dist\compiled\next-server\app-page.runtime.dev.js:35:46552)
    at av (C:\Users\kisho\WorkSpace\Local-Service-Marketplace\frontend\node_modules\.pnpm\next@14.1.0_@babel+core@7.2_6
5e8f102da6c0774eb4814b9bce337c8\node_modules\next\dist\compiled\next-server\app-page.runtime.dev.js:35:7809)
    at C:\Users\kisho\WorkSpace\Local-Service-Marketplace\frontend\node_modules\.pnpm\next@14.1.0_@babel+core@7.2_65e8f
102da6c0774eb4814b9bce337c8\node_modules\next\dist\compiled\next-server\app-page.runtime.dev.js:35:12972
    at aw (C:\Users\kisho\WorkSpace\Local-Service-Marketplace\frontend\node_modules\.pnpm\next@14.1.0_@babel+core@7.2_6
5e8f102da6c0774eb4814b9bce337c8\node_modules\next\dist\compiled\next-server\app-page.runtime.dev.js:35:13009)

Error occurred prerendering page "/cookies". Read more: https://nextjs.org/docs/messages/prerender-error

TypeError: Cannot read properties of null (reading 'useContext')
    at t.useContext (C:\Users\kisho\WorkSpace\Local-Service-Marketplace\frontend\node_modules\.pnpm\next@14.1.0_@babel+
core@7.2_65e8f102da6c0774eb4814b9bce337c8\node_modules\next\dist\compiled\next-server\app-page.runtime.prod.js:12:10889
8)
    at x (C:\Users\kisho\WorkSpace\Local-Service-Marketplace\frontend\.next\server\chunks\9273.js:126:43645)
    at f (C:\Users\kisho\WorkSpace\Local-Service-Marketplace\frontend\.next\server\chunks\9273.js:126:34774)
    at as (C:\Users\kisho\WorkSpace\Local-Service-Marketplace\frontend\node_modules\.pnpm\next@14.1.0_@babel+core@7.2_6
5e8f102da6c0774eb4814b9bce337c8\node_modules\next\dist\compiled\next-server\app-page.runtime.dev.js:35:6391)
    at C:\Users\kisho\WorkSpace\Local-Service-Marketplace\frontend\node_modules\.pnpm\next@14.1.0_@babel+core@7.2_65e8f
102da6c0774eb4814b9bce337c8\node_modules\next\dist\compiled\next-server\app-page.runtime.dev.js:35:11242
    at aw (C:\Users\kisho\WorkSpace\Local-Service-Marketplace\frontend\node_modules\.pnpm\next@14.1.0_@babel+core@7.2_6
5e8f102da6c0774eb4814b9bce337c8\node_modules\next\dist\compiled\next-server\app-page.runtime.dev.js:35:13009)
    at ak (C:\Users\kisho\WorkSpace\Local-Service-Marketplace\frontend\node_modules\.pnpm\next@14.1.0_@babel+core@7.2_6
5e8f102da6c0774eb4814b9bce337c8\node_modules\next\dist\compiled\next-server\app-page.runtime.dev.js:35:46552)
    at av (C:\Users\kisho\WorkSpace\Local-Service-Marketplace\frontend\node_modules\.pnpm\next@14.1.0_@babel+core@7.2_6
5e8f102da6c0774eb4814b9bce337c8\node_modules\next\dist\compiled\next-server\app-page.runtime.dev.js:35:7809)
    at C:\Users\kisho\WorkSpace\Local-Service-Marketplace\frontend\node_modules\.pnpm\next@14.1.0_@babel+core@7.2_65e8f
102da6c0774eb4814b9bce337c8\node_modules\next\dist\compiled\next-server\app-page.runtime.dev.js:35:12972
    at aw (C:\Users\kisho\WorkSpace\Local-Service-Marketplace\frontend\node_modules\.pnpm\next@14.1.0_@babel+core@7.2_6
5e8f102da6c0774eb4814b9bce337c8\node_modules\next\dist\compiled\next-server\app-page.runtime.dev.js:35:13009)

 ΓÜá metadata.metadataBase is not set for resolving social open graph or twitter images, using 
"http://localhost:3000". See https://nextjs.org/docs/app/api-reference/functions/generate-metadata#metadatabase
 Γ¿» TypeError: Cannot read properties of null (reading 'useContext')
    at x (C:\Users\kisho\WorkSpace\Local-Service-Marketplace\frontend\.next\server\chunks\9273.js:126:43645)
    at f (C:\Users\kisho\WorkSpace\Local-Service-Marketplace\frontend\.next\server\chunks\9273.js:126:34774)
TypeError: Cannot read properties of null (reading 'useContext')
    at t.useContext (C:\Users\kisho\WorkSpace\Local-Service-Marketplace\frontend\node_modules\.pnpm\next@14.1.0_@babel+
core@7.2_65e8f102da6c0774eb4814b9bce337c8\node_modules\next\dist\compiled\next-server\app-page.runtime.prod.js:12:10889
8)
    at x (C:\Users\kisho\WorkSpace\Local-Service-Marketplace\frontend\.next\server\chunks\9273.js:126:43645)
    at f (C:\Users\kisho\WorkSpace\Local-Service-Marketplace\frontend\.next\server\chunks\9273.js:126:34774)
    at as (C:\Users\kisho\WorkSpace\Local-Service-Marketplace\frontend\node_modules\.pnpm\next@14.1.0_@babel+core@7.2_6
5e8f102da6c0774eb4814b9bce337c8\node_modules\next\dist\compiled\next-server\app-page.runtime.dev.js:35:6391)
    at C:\Users\kisho\WorkSpace\Local-Service-Marketplace\frontend\node_modules\.pnpm\next@14.1.0_@babel+core@7.2_65e8f
102da6c0774eb4814b9bce337c8\node_modules\next\dist\compiled\next-server\app-page.runtime.dev.js:35:11242
    at aw (C:\Users\kisho\WorkSpace\Local-Service-Marketplace\frontend\node_modules\.pnpm\next@14.1.0_@babel+core@7.2_6
5e8f102da6c0774eb4814b9bce337c8\node_modules\next\dist\compiled\next-server\app-page.runtime.dev.js:35:13009)
    at ak (C:\Users\kisho\WorkSpace\Local-Service-Marketplace\frontend\node_modules\.pnpm\next@14.1.0_@babel+core@7.2_6
5e8f102da6c0774eb4814b9bce337c8\node_modules\next\dist\compiled\next-server\app-page.runtime.dev.js:35:46552)
    at av (C:\Users\kisho\WorkSpace\Local-Service-Marketplace\frontend\node_modules\.pnpm\next@14.1.0_@babel+core@7.2_6
5e8f102da6c0774eb4814b9bce337c8\node_modules\next\dist\compiled\next-server\app-page.runtime.dev.js:35:7809)
    at C:\Users\kisho\WorkSpace\Local-Service-Marketplace\frontend\node_modules\.pnpm\next@14.1.0_@babel+core@7.2_65e8f
102da6c0774eb4814b9bce337c8\node_modules\next\dist\compiled\next-server\app-page.runtime.dev.js:35:12972
    at aw (C:\Users\kisho\WorkSpace\Local-Service-Marketplace\frontend\node_modules\.pnpm\next@14.1.0_@babel+core@7.2_6
5e8f102da6c0774eb4814b9bce337c8\node_modules\next\dist\compiled\next-server\app-page.runtime.dev.js:35:13009)

Error occurred prerendering page "/403". Read more: https://nextjs.org/docs/messages/prerender-error

TypeError: Cannot read properties of null (reading 'useContext')
    at t.useContext (C:\Users\kisho\WorkSpace\Local-Service-Marketplace\frontend\node_modules\.pnpm\next@14.1.0_@babel+
core@7.2_65e8f102da6c0774eb4814b9bce337c8\node_modules\next\dist\compiled\next-server\app-page.runtime.prod.js:12:10889
8)
    at x (C:\Users\kisho\WorkSpace\Local-Service-Marketplace\frontend\.next\server\chunks\9273.js:126:43645)
    at f (C:\Users\kisho\WorkSpace\Local-Service-Marketplace\frontend\.next\server\chunks\9273.js:126:34774)
    at as (C:\Users\kisho\WorkSpace\Local-Service-Marketplace\frontend\node_modules\.pnpm\next@14.1.0_@babel+core@7.2_6
5e8f102da6c0774eb4814b9bce337c8\node_modules\next\dist\compiled\next-server\app-page.runtime.dev.js:35:6391)
    at C:\Users\kisho\WorkSpace\Local-Service-Marketplace\frontend\node_modules\.pnpm\next@14.1.0_@babel+core@7.2_65e8f
102da6c0774eb4814b9bce337c8\node_modules\next\dist\compiled\next-server\app-page.runtime.dev.js:35:11242
    at aw (C:\Users\kisho\WorkSpace\Local-Service-Marketplace\frontend\node_modules\.pnpm\next@14.1.0_@babel+core@7.2_6
5e8f102da6c0774eb4814b9bce337c8\node_modules\next\dist\compiled\next-server\app-page.runtime.dev.js:35:13009)
    at ak (C:\Users\kisho\WorkSpace\Local-Service-Marketplace\frontend\node_modules\.pnpm\next@14.1.0_@babel+core@7.2_6
5e8f102da6c0774eb4814b9bce337c8\node_modules\next\dist\compiled\next-server\app-page.runtime.dev.js:35:46552)
    at av (C:\Users\kisho\WorkSpace\Local-Service-Marketplace\frontend\node_modules\.pnpm\next@14.1.0_@babel+core@7.2_6
5e8f102da6c0774eb4814b9bce337c8\node_modules\next\dist\compiled\next-server\app-page.runtime.dev.js:35:7809)
    at C:\Users\kisho\WorkSpace\Local-Service-Marketplace\frontend\node_modules\.pnpm\next@14.1.0_@babel+core@7.2_65e8f
102da6c0774eb4814b9bce337c8\node_modules\next\dist\compiled\next-server\app-page.runtime.dev.js:35:12972
    at aw (C:\Users\kisho\WorkSpace\Local-Service-Marketplace\frontend\node_modules\.pnpm\next@14.1.0_@babel+core@7.2_6
5e8f102da6c0774eb4814b9bce337c8\node_modules\next\dist\compiled\next-server\app-page.runtime.dev.js:35:13009)

 ΓÜá metadata.metadataBase is not set for resolving social open graph or twitter images, using 
"http://localhost:3000". See https://nextjs.org/docs/app/api-reference/functions/generate-metadata#metadatabase
TypeError: Cannot read properties of null (reading 'useContext')
    at t.useContext (C:\Users\kisho\WorkSpace\Local-Service-Marketplace\frontend\node_modules\.pnpm\next@14.1.0_@babel+
core@7.2_65e8f102da6c0774eb4814b9bce337c8\node_modules\next\dist\compiled\next-server\app-page.runtime.prod.js:12:10889
8)
    at x (C:\Users\kisho\WorkSpace\Local-Service-Marketplace\frontend\.next\server\chunks\9273.js:126:43645)
    at f (C:\Users\kisho\WorkSpace\Local-Service-Marketplace\frontend\.next\server\chunks\9273.js:126:34774)
    at as (C:\Users\kisho\WorkSpace\Local-Service-Marketplace\frontend\node_modules\.pnpm\next@14.1.0_@babel+core@7.2_6
5e8f102da6c0774eb4814b9bce337c8\node_modules\next\dist\compiled\next-server\app-page.runtime.dev.js:35:6391)
    at C:\Users\kisho\WorkSpace\Local-Service-Marketplace\frontend\node_modules\.pnpm\next@14.1.0_@babel+core@7.2_65e8f
102da6c0774eb4814b9bce337c8\node_modules\next\dist\compiled\next-server\app-page.runtime.dev.js:35:11242
    at aw (C:\Users\kisho\WorkSpace\Local-Service-Marketplace\frontend\node_modules\.pnpm\next@14.1.0_@babel+core@7.2_6
5e8f102da6c0774eb4814b9bce337c8\node_modules\next\dist\compiled\next-server\app-page.runtime.dev.js:35:13009)
    at ak (C:\Users\kisho\WorkSpace\Local-Service-Marketplace\frontend\node_modules\.pnpm\next@14.1.0_@babel+core@7.2_6
5e8f102da6c0774eb4814b9bce337c8\node_modules\next\dist\compiled\next-server\app-page.runtime.dev.js:35:46552)
    at av (C:\Users\kisho\WorkSpace\Local-Service-Marketplace\frontend\node_modules\.pnpm\next@14.1.0_@babel+core@7.2_6
5e8f102da6c0774eb4814b9bce337c8\node_modules\next\dist\compiled\next-server\app-page.runtime.dev.js:35:7809)
    at C:\Users\kisho\WorkSpace\Local-Service-Marketplace\frontend\node_modules\.pnpm\next@14.1.0_@babel+core@7.2_65e8f
102da6c0774eb4814b9bce337c8\node_modules\next\dist\compiled\next-server\app-page.runtime.dev.js:35:12972
    at aw (C:\Users\kisho\WorkSpace\Local-Service-Marketplace\frontend\node_modules\.pnpm\next@14.1.0_@babel+core@7.2_6
5e8f102da6c0774eb4814b9bce337c8\node_modules\next\dist\compiled\next-server\app-page.runtime.dev.js:35:13009)

Error occurred prerendering page "/verify-email". Read more: https://nextjs.org/docs/messages/prerender-error

TypeError: Cannot read properties of null (reading 'useContext')
    at t.useContext (C:\Users\kisho\WorkSpace\Local-Service-Marketplace\frontend\node_modules\.pnpm\next@14.1.0_@babel+
core@7.2_65e8f102da6c0774eb4814b9bce337c8\node_modules\next\dist\compiled\next-server\app-page.runtime.prod.js:12:10889
8)
    at x (C:\Users\kisho\WorkSpace\Local-Service-Marketplace\frontend\.next\server\chunks\9273.js:126:43645)
    at f (C:\Users\kisho\WorkSpace\Local-Service-Marketplace\frontend\.next\server\chunks\9273.js:126:34774)
    at as (C:\Users\kisho\WorkSpace\Local-Service-Marketplace\frontend\node_modules\.pnpm\next@14.1.0_@babel+core@7.2_6
5e8f102da6c0774eb4814b9bce337c8\node_modules\next\dist\compiled\next-server\app-page.runtime.dev.js:35:6391)
    at C:\Users\kisho\WorkSpace\Local-Service-Marketplace\frontend\node_modules\.pnpm\next@14.1.0_@babel+core@7.2_65e8f
102da6c0774eb4814b9bce337c8\node_modules\next\dist\compiled\next-server\app-page.runtime.dev.js:35:11242
    at aw (C:\Users\kisho\WorkSpace\Local-Service-Marketplace\frontend\node_modules\.pnpm\next@14.1.0_@babel+core@7.2_6
5e8f102da6c0774eb4814b9bce337c8\node_modules\next\dist\compiled\next-server\app-page.runtime.dev.js:35:13009)
    at ak (C:\Users\kisho\WorkSpace\Local-Service-Marketplace\frontend\node_modules\.pnpm\next@14.1.0_@babel+core@7.2_6
5e8f102da6c0774eb4814b9bce337c8\node_modules\next\dist\compiled\next-server\app-page.runtime.dev.js:35:46552)
    at av (C:\Users\kisho\WorkSpace\Local-Service-Marketplace\frontend\node_modules\.pnpm\next@14.1.0_@babel+core@7.2_6
5e8f102da6c0774eb4814b9bce337c8\node_modules\next\dist\compiled\next-server\app-page.runtime.dev.js:35:7809)
    at C:\Users\kisho\WorkSpace\Local-Service-Marketplace\frontend\node_modules\.pnpm\next@14.1.0_@babel+core@7.2_65e8f
102da6c0774eb4814b9bce337c8\node_modules\next\dist\compiled\next-server\app-page.runtime.dev.js:35:12972
    at aw (C:\Users\kisho\WorkSpace\Local-Service-Marketplace\frontend\node_modules\.pnpm\next@14.1.0_@babel+core@7.2_6
5e8f102da6c0774eb4814b9bce337c8\node_modules\next\dist\compiled\next-server\app-page.runtime.dev.js:35:13009)
TypeError: Cannot read properties of null (reading 'useContext')
    at t.useContext (C:\Users\kisho\WorkSpace\Local-Service-Marketplace\frontend\node_modules\.pnpm\next@14.1.0_@babel+
core@7.2_65e8f102da6c0774eb4814b9bce337c8\node_modules\next\dist\compiled\next-server\app-page.runtime.prod.js:12:10889
8)
    at x (C:\Users\kisho\WorkSpace\Local-Service-Marketplace\frontend\.next\server\chunks\9273.js:126:43645)
    at f (C:\Users\kisho\WorkSpace\Local-Service-Marketplace\frontend\.next\server\chunks\9273.js:126:34774)
    at as (C:\Users\kisho\WorkSpace\Local-Service-Marketplace\frontend\node_modules\.pnpm\next@14.1.0_@babel+core@7.2_6
5e8f102da6c0774eb4814b9bce337c8\node_modules\next\dist\compiled\next-server\app-page.runtime.dev.js:35:6391)
    at C:\Users\kisho\WorkSpace\Local-Service-Marketplace\frontend\node_modules\.pnpm\next@14.1.0_@babel+core@7.2_65e8f
102da6c0774eb4814b9bce337c8\node_modules\next\dist\compiled\next-server\app-page.runtime.dev.js:35:11242
    at aw (C:\Users\kisho\WorkSpace\Local-Service-Marketplace\frontend\node_modules\.pnpm\next@14.1.0_@babel+core@7.2_6
5e8f102da6c0774eb4814b9bce337c8\node_modules\next\dist\compiled\next-server\app-page.runtime.dev.js:35:13009)
    at ak (C:\Users\kisho\WorkSpace\Local-Service-Marketplace\frontend\node_modules\.pnpm\next@14.1.0_@babel+core@7.2_6
5e8f102da6c0774eb4814b9bce337c8\node_modules\next\dist\compiled\next-server\app-page.runtime.dev.js:35:46552)
    at av (C:\Users\kisho\WorkSpace\Local-Service-Marketplace\frontend\node_modules\.pnpm\next@14.1.0_@babel+core@7.2_6
5e8f102da6c0774eb4814b9bce337c8\node_modules\next\dist\compiled\next-server\app-page.runtime.dev.js:35:7809)
    at C:\Users\kisho\WorkSpace\Local-Service-Marketplace\frontend\node_modules\.pnpm\next@14.1.0_@babel+core@7.2_65e8f
102da6c0774eb4814b9bce337c8\node_modules\next\dist\compiled\next-server\app-page.runtime.dev.js:35:12972
    at aw (C:\Users\kisho\WorkSpace\Local-Service-Marketplace\frontend\node_modules\.pnpm\next@14.1.0_@babel+core@7.2_6
5e8f102da6c0774eb4814b9bce337c8\node_modules\next\dist\compiled\next-server\app-page.runtime.dev.js:35:13009)

Error occurred prerendering page "/_not-found". Read more: https://nextjs.org/docs/messages/prerender-error

TypeError: Cannot read properties of null (reading 'useContext')
    at t.useContext (C:\Users\kisho\WorkSpace\Local-Service-Marketplace\frontend\node_modules\.pnpm\next@14.1.0_@babel+
core@7.2_65e8f102da6c0774eb4814b9bce337c8\node_modules\next\dist\compiled\next-server\app-page.runtime.prod.js:12:10889
8)
    at x (C:\Users\kisho\WorkSpace\Local-Service-Marketplace\frontend\.next\server\chunks\9273.js:126:43645)
    at f (C:\Users\kisho\WorkSpace\Local-Service-Marketplace\frontend\.next\server\chunks\9273.js:126:34774)
    at as (C:\Users\kisho\WorkSpace\Local-Service-Marketplace\frontend\node_modules\.pnpm\next@14.1.0_@babel+core@7.2_6
5e8f102da6c0774eb4814b9bce337c8\node_modules\next\dist\compiled\next-server\app-page.runtime.dev.js:35:6391)
    at C:\Users\kisho\WorkSpace\Local-Service-Marketplace\frontend\node_modules\.pnpm\next@14.1.0_@babel+core@7.2_65e8f
102da6c0774eb4814b9bce337c8\node_modules\next\dist\compiled\next-server\app-page.runtime.dev.js:35:11242
    at aw (C:\Users\kisho\WorkSpace\Local-Service-Marketplace\frontend\node_modules\.pnpm\next@14.1.0_@babel+core@7.2_6
5e8f102da6c0774eb4814b9bce337c8\node_modules\next\dist\compiled\next-server\app-page.runtime.dev.js:35:13009)
    at ak (C:\Users\kisho\WorkSpace\Local-Service-Marketplace\frontend\node_modules\.pnpm\next@14.1.0_@babel+core@7.2_6
5e8f102da6c0774eb4814b9bce337c8\node_modules\next\dist\compiled\next-server\app-page.runtime.dev.js:35:46552)
    at av (C:\Users\kisho\WorkSpace\Local-Service-Marketplace\frontend\node_modules\.pnpm\next@14.1.0_@babel+core@7.2_6
5e8f102da6c0774eb4814b9bce337c8\node_modules\next\dist\compiled\next-server\app-page.runtime.dev.js:35:7809)
    at C:\Users\kisho\WorkSpace\Local-Service-Marketplace\frontend\node_modules\.pnpm\next@14.1.0_@babel+core@7.2_65e8f
102da6c0774eb4814b9bce337c8\node_modules\next\dist\compiled\next-server\app-page.runtime.dev.js:35:12972
    at aw (C:\Users\kisho\WorkSpace\Local-Service-Marketplace\frontend\node_modules\.pnpm\next@14.1.0_@babel+core@7.2_6
5e8f102da6c0774eb4814b9bce337c8\node_modules\next\dist\compiled\next-server\app-page.runtime.dev.js:35:13009)

 ΓÜá metadata.metadataBase is not set for resolving social open graph or twitter images, using 
"http://localhost:3000". See https://nextjs.org/docs/app/api-reference/functions/generate-metadata#metadatabase
 Γ¿» TypeError: Cannot read properties of null (reading 'useContext')
    at x (C:\Users\kisho\WorkSpace\Local-Service-Marketplace\frontend\.next\server\chunks\9273.js:126:43645)
    at f (C:\Users\kisho\WorkSpace\Local-Service-Marketplace\frontend\.next\server\chunks\9273.js:126:34774)
TypeError: Cannot read properties of null (reading 'useContext')
    at t.useContext (C:\Users\kisho\WorkSpace\Local-Service-Marketplace\frontend\node_modules\.pnpm\next@14.1.0_@babel+
core@7.2_65e8f102da6c0774eb4814b9bce337c8\node_modules\next\dist\compiled\next-server\app-page.runtime.prod.js:12:10889
8)
    at x (C:\Users\kisho\WorkSpace\Local-Service-Marketplace\frontend\.next\server\chunks\9273.js:126:43645)
    at f (C:\Users\kisho\WorkSpace\Local-Service-Marketplace\frontend\.next\server\chunks\9273.js:126:34774)
    at as (C:\Users\kisho\WorkSpace\Local-Service-Marketplace\frontend\node_modules\.pnpm\next@14.1.0_@babel+core@7.2_6
5e8f102da6c0774eb4814b9bce337c8\node_modules\next\dist\compiled\next-server\app-page.runtime.dev.js:35:6391)
    at C:\Users\kisho\WorkSpace\Local-Service-Marketplace\frontend\node_modules\.pnpm\next@14.1.0_@babel+core@7.2_65e8f
102da6c0774eb4814b9bce337c8\node_modules\next\dist\compiled\next-server\app-page.runtime.dev.js:35:11242
    at aw (C:\Users\kisho\WorkSpace\Local-Service-Marketplace\frontend\node_modules\.pnpm\next@14.1.0_@babel+core@7.2_6
5e8f102da6c0774eb4814b9bce337c8\node_modules\next\dist\compiled\next-server\app-page.runtime.dev.js:35:13009)
    at ak (C:\Users\kisho\WorkSpace\Local-Service-Marketplace\frontend\node_modules\.pnpm\next@14.1.0_@babel+core@7.2_6
5e8f102da6c0774eb4814b9bce337c8\node_modules\next\dist\compiled\next-server\app-page.runtime.dev.js:35:46552)
    at av (C:\Users\kisho\WorkSpace\Local-Service-Marketplace\frontend\node_modules\.pnpm\next@14.1.0_@babel+core@7.2_6
5e8f102da6c0774eb4814b9bce337c8\node_modules\next\dist\compiled\next-server\app-page.runtime.dev.js:35:7809)
    at C:\Users\kisho\WorkSpace\Local-Service-Marketplace\frontend\node_modules\.pnpm\next@14.1.0_@babel+core@7.2_65e8f
102da6c0774eb4814b9bce337c8\node_modules\next\dist\compiled\next-server\app-page.runtime.dev.js:35:12972
    at aw (C:\Users\kisho\WorkSpace\Local-Service-Marketplace\frontend\node_modules\.pnpm\next@14.1.0_@babel+core@7.2_6
5e8f102da6c0774eb4814b9bce337c8\node_modules\next\dist\compiled\next-server\app-page.runtime.dev.js:35:13009)

Error occurred prerendering page "/reset-password". Read more: https://nextjs.org/docs/messages/prerender-error

TypeError: Cannot read properties of null (reading 'useContext')
    at t.useContext (C:\Users\kisho\WorkSpace\Local-Service-Marketplace\frontend\node_modules\.pnpm\next@14.1.0_@babel+
core@7.2_65e8f102da6c0774eb4814b9bce337c8\node_modules\next\dist\compiled\next-server\app-page.runtime.prod.js:12:10889
8)
    at x (C:\Users\kisho\WorkSpace\Local-Service-Marketplace\frontend\.next\server\chunks\9273.js:126:43645)
    at f (C:\Users\kisho\WorkSpace\Local-Service-Marketplace\frontend\.next\server\chunks\9273.js:126:34774)
    at as (C:\Users\kisho\WorkSpace\Local-Service-Marketplace\frontend\node_modules\.pnpm\next@14.1.0_@babel+core@7.2_6
5e8f102da6c0774eb4814b9bce337c8\node_modules\next\dist\compiled\next-server\app-page.runtime.dev.js:35:6391)
    at C:\Users\kisho\WorkSpace\Local-Service-Marketplace\frontend\node_modules\.pnpm\next@14.1.0_@babel+core@7.2_65e8f
102da6c0774eb4814b9bce337c8\node_modules\next\dist\compiled\next-server\app-page.runtime.dev.js:35:11242
    at aw (C:\Users\kisho\WorkSpace\Local-Service-Marketplace\frontend\node_modules\.pnpm\next@14.1.0_@babel+core@7.2_6
5e8f102da6c0774eb4814b9bce337c8\node_modules\next\dist\compiled\next-server\app-page.runtime.dev.js:35:13009)
    at ak (C:\Users\kisho\WorkSpace\Local-Service-Marketplace\frontend\node_modules\.pnpm\next@14.1.0_@babel+core@7.2_6
5e8f102da6c0774eb4814b9bce337c8\node_modules\next\dist\compiled\next-server\app-page.runtime.dev.js:35:46552)
    at av (C:\Users\kisho\WorkSpace\Local-Service-Marketplace\frontend\node_modules\.pnpm\next@14.1.0_@babel+core@7.2_6
5e8f102da6c0774eb4814b9bce337c8\node_modules\next\dist\compiled\next-server\app-page.runtime.dev.js:35:7809)
    at C:\Users\kisho\WorkSpace\Local-Service-Marketplace\frontend\node_modules\.pnpm\next@14.1.0_@babel+core@7.2_65e8f
102da6c0774eb4814b9bce337c8\node_modules\next\dist\compiled\next-server\app-page.runtime.dev.js:35:12972
    at aw (C:\Users\kisho\WorkSpace\Local-Service-Marketplace\frontend\node_modules\.pnpm\next@14.1.0_@babel+core@7.2_6
5e8f102da6c0774eb4814b9bce337c8\node_modules\next\dist\compiled\next-server\app-page.runtime.dev.js:35:13009)
 Γ¿» TypeError: Cannot read properties of null (reading 'useContext')
    at x (C:\Users\kisho\WorkSpace\Local-Service-Marketplace\frontend\.next\server\chunks\9273.js:126:43645)
    at f (C:\Users\kisho\WorkSpace\Local-Service-Marketplace\frontend\.next\server\chunks\9273.js:126:34774)
TypeError: Cannot read properties of null (reading 'useContext')
    at t.useContext (C:\Users\kisho\WorkSpace\Local-Service-Marketplace\frontend\node_modules\.pnpm\next@14.1.0_@babel+
core@7.2_65e8f102da6c0774eb4814b9bce337c8\node_modules\next\dist\compiled\next-server\app-page.runtime.prod.js:12:10889
8)
    at x (C:\Users\kisho\WorkSpace\Local-Service-Marketplace\frontend\.next\server\chunks\9273.js:126:43645)
    at f (C:\Users\kisho\WorkSpace\Local-Service-Marketplace\frontend\.next\server\chunks\9273.js:126:34774)
    at as (C:\Users\kisho\WorkSpace\Local-Service-Marketplace\frontend\node_modules\.pnpm\next@14.1.0_@babel+core@7.2_6
5e8f102da6c0774eb4814b9bce337c8\node_modules\next\dist\compiled\next-server\app-page.runtime.dev.js:35:6391)
    at C:\Users\kisho\WorkSpace\Local-Service-Marketplace\frontend\node_modules\.pnpm\next@14.1.0_@babel+core@7.2_65e8f
102da6c0774eb4814b9bce337c8\node_modules\next\dist\compiled\next-server\app-page.runtime.dev.js:35:11242
    at aw (C:\Users\kisho\WorkSpace\Local-Service-Marketplace\frontend\node_modules\.pnpm\next@14.1.0_@babel+core@7.2_6
5e8f102da6c0774eb4814b9bce337c8\node_modules\next\dist\compiled\next-server\app-page.runtime.dev.js:35:13009)
    at ak (C:\Users\kisho\WorkSpace\Local-Service-Marketplace\frontend\node_modules\.pnpm\next@14.1.0_@babel+core@7.2_6
5e8f102da6c0774eb4814b9bce337c8\node_modules\next\dist\compiled\next-server\app-page.runtime.dev.js:35:46552)
    at av (C:\Users\kisho\WorkSpace\Local-Service-Marketplace\frontend\node_modules\.pnpm\next@14.1.0_@babel+core@7.2_6
5e8f102da6c0774eb4814b9bce337c8\node_modules\next\dist\compiled\next-server\app-page.runtime.dev.js:35:7809)
    at C:\Users\kisho\WorkSpace\Local-Service-Marketplace\frontend\node_modules\.pnpm\next@14.1.0_@babel+core@7.2_65e8f
102da6c0774eb4814b9bce337c8\node_modules\next\dist\compiled\next-server\app-page.runtime.dev.js:35:12972
    at aw (C:\Users\kisho\WorkSpace\Local-Service-Marketplace\frontend\node_modules\.pnpm\next@14.1.0_@babel+core@7.2_6
5e8f102da6c0774eb4814b9bce337c8\node_modules\next\dist\compiled\next-server\app-page.runtime.dev.js:35:13009)

Error occurred prerendering page "/faq". Read more: https://nextjs.org/docs/messages/prerender-error

TypeError: Cannot read properties of null (reading 'useContext')
    at t.useContext (C:\Users\kisho\WorkSpace\Local-Service-Marketplace\frontend\node_modules\.pnpm\next@14.1.0_@babel+
core@7.2_65e8f102da6c0774eb4814b9bce337c8\node_modules\next\dist\compiled\next-server\app-page.runtime.prod.js:12:10889
8)
    at x (C:\Users\kisho\WorkSpace\Local-Service-Marketplace\frontend\.next\server\chunks\9273.js:126:43645)
    at f (C:\Users\kisho\WorkSpace\Local-Service-Marketplace\frontend\.next\server\chunks\9273.js:126:34774)
    at as (C:\Users\kisho\WorkSpace\Local-Service-Marketplace\frontend\node_modules\.pnpm\next@14.1.0_@babel+core@7.2_6
5e8f102da6c0774eb4814b9bce337c8\node_modules\next\dist\compiled\next-server\app-page.runtime.dev.js:35:6391)
    at C:\Users\kisho\WorkSpace\Local-Service-Marketplace\frontend\node_modules\.pnpm\next@14.1.0_@babel+core@7.2_65e8f
102da6c0774eb4814b9bce337c8\node_modules\next\dist\compiled\next-server\app-page.runtime.dev.js:35:11242
    at aw (C:\Users\kisho\WorkSpace\Local-Service-Marketplace\frontend\node_modules\.pnpm\next@14.1.0_@babel+core@7.2_6
5e8f102da6c0774eb4814b9bce337c8\node_modules\next\dist\compiled\next-server\app-page.runtime.dev.js:35:13009)
    at ak (C:\Users\kisho\WorkSpace\Local-Service-Marketplace\frontend\node_modules\.pnpm\next@14.1.0_@babel+core@7.2_6
5e8f102da6c0774eb4814b9bce337c8\node_modules\next\dist\compiled\next-server\app-page.runtime.dev.js:35:46552)
    at av (C:\Users\kisho\WorkSpace\Local-Service-Marketplace\frontend\node_modules\.pnpm\next@14.1.0_@babel+core@7.2_6
5e8f102da6c0774eb4814b9bce337c8\node_modules\next\dist\compiled\next-server\app-page.runtime.dev.js:35:7809)
    at C:\Users\kisho\WorkSpace\Local-Service-Marketplace\frontend\node_modules\.pnpm\next@14.1.0_@babel+core@7.2_65e8f
102da6c0774eb4814b9bce337c8\node_modules\next\dist\compiled\next-server\app-page.runtime.dev.js:35:12972
    at aw (C:\Users\kisho\WorkSpace\Local-Service-Marketplace\frontend\node_modules\.pnpm\next@14.1.0_@babel+core@7.2_6
5e8f102da6c0774eb4814b9bce337c8\node_modules\next\dist\compiled\next-server\app-page.runtime.dev.js:35:13009)
 Γ¿» TypeError: Cannot read properties of null (reading 'useContext')
    at x (C:\Users\kisho\WorkSpace\Local-Service-Marketplace\frontend\.next\server\chunks\9273.js:126:43645)
    at f (C:\Users\kisho\WorkSpace\Local-Service-Marketplace\frontend\.next\server\chunks\9273.js:126:34774)
TypeError: Cannot read properties of null (reading 'useContext')
    at t.useContext (C:\Users\kisho\WorkSpace\Local-Service-Marketplace\frontend\node_modules\.pnpm\next@14.1.0_@babel+
core@7.2_65e8f102da6c0774eb4814b9bce337c8\node_modules\next\dist\compiled\next-server\app-page.runtime.prod.js:12:10889
8)
    at x (C:\Users\kisho\WorkSpace\Local-Service-Marketplace\frontend\.next\server\chunks\9273.js:126:43645)
    at f (C:\Users\kisho\WorkSpace\Local-Service-Marketplace\frontend\.next\server\chunks\9273.js:126:34774)
    at as (C:\Users\kisho\WorkSpace\Local-Service-Marketplace\frontend\node_modules\.pnpm\next@14.1.0_@babel+core@7.2_6
5e8f102da6c0774eb4814b9bce337c8\node_modules\next\dist\compiled\next-server\app-page.runtime.dev.js:35:6391)
    at C:\Users\kisho\WorkSpace\Local-Service-Marketplace\frontend\node_modules\.pnpm\next@14.1.0_@babel+core@7.2_65e8f
102da6c0774eb4814b9bce337c8\node_modules\next\dist\compiled\next-server\app-page.runtime.dev.js:35:11242
    at aw (C:\Users\kisho\WorkSpace\Local-Service-Marketplace\frontend\node_modules\.pnpm\next@14.1.0_@babel+core@7.2_6
5e8f102da6c0774eb4814b9bce337c8\node_modules\next\dist\compiled\next-server\app-page.runtime.dev.js:35:13009)
    at ak (C:\Users\kisho\WorkSpace\Local-Service-Marketplace\frontend\node_modules\.pnpm\next@14.1.0_@babel+core@7.2_6
5e8f102da6c0774eb4814b9bce337c8\node_modules\next\dist\compiled\next-server\app-page.runtime.dev.js:35:46552)
    at av (C:\Users\kisho\WorkSpace\Local-Service-Marketplace\frontend\node_modules\.pnpm\next@14.1.0_@babel+core@7.2_6
5e8f102da6c0774eb4814b9bce337c8\node_modules\next\dist\compiled\next-server\app-page.runtime.dev.js:35:7809)
    at C:\Users\kisho\WorkSpace\Local-Service-Marketplace\frontend\node_modules\.pnpm\next@14.1.0_@babel+core@7.2_65e8f
102da6c0774eb4814b9bce337c8\node_modules\next\dist\compiled\next-server\app-page.runtime.dev.js:35:12972
    at aw (C:\Users\kisho\WorkSpace\Local-Service-Marketplace\frontend\node_modules\.pnpm\next@14.1.0_@babel+core@7.2_6
5e8f102da6c0774eb4814b9bce337c8\node_modules\next\dist\compiled\next-server\app-page.runtime.dev.js:35:13009)

Error occurred prerendering page "/contact". Read more: https://nextjs.org/docs/messages/prerender-error

TypeError: Cannot read properties of null (reading 'useContext')
    at t.useContext (C:\Users\kisho\WorkSpace\Local-Service-Marketplace\frontend\node_modules\.pnpm\next@14.1.0_@babel+
core@7.2_65e8f102da6c0774eb4814b9bce337c8\node_modules\next\dist\compiled\next-server\app-page.runtime.prod.js:12:10889
8)
    at x (C:\Users\kisho\WorkSpace\Local-Service-Marketplace\frontend\.next\server\chunks\9273.js:126:43645)
    at f (C:\Users\kisho\WorkSpace\Local-Service-Marketplace\frontend\.next\server\chunks\9273.js:126:34774)
    at as (C:\Users\kisho\WorkSpace\Local-Service-Marketplace\frontend\node_modules\.pnpm\next@14.1.0_@babel+core@7.2_6
5e8f102da6c0774eb4814b9bce337c8\node_modules\next\dist\compiled\next-server\app-page.runtime.dev.js:35:6391)
    at C:\Users\kisho\WorkSpace\Local-Service-Marketplace\frontend\node_modules\.pnpm\next@14.1.0_@babel+core@7.2_65e8f
102da6c0774eb4814b9bce337c8\node_modules\next\dist\compiled\next-server\app-page.runtime.dev.js:35:11242
    at aw (C:\Users\kisho\WorkSpace\Local-Service-Marketplace\frontend\node_modules\.pnpm\next@14.1.0_@babel+core@7.2_6
5e8f102da6c0774eb4814b9bce337c8\node_modules\next\dist\compiled\next-server\app-page.runtime.dev.js:35:13009)
    at ak (C:\Users\kisho\WorkSpace\Local-Service-Marketplace\frontend\node_modules\.pnpm\next@14.1.0_@babel+core@7.2_6
5e8f102da6c0774eb4814b9bce337c8\node_modules\next\dist\compiled\next-server\app-page.runtime.dev.js:35:46552)
    at av (C:\Users\kisho\WorkSpace\Local-Service-Marketplace\frontend\node_modules\.pnpm\next@14.1.0_@babel+core@7.2_6
5e8f102da6c0774eb4814b9bce337c8\node_modules\next\dist\compiled\next-server\app-page.runtime.dev.js:35:7809)
    at C:\Users\kisho\WorkSpace\Local-Service-Marketplace\frontend\node_modules\.pnpm\next@14.1.0_@babel+core@7.2_65e8f
102da6c0774eb4814b9bce337c8\node_modules\next\dist\compiled\next-server\app-page.runtime.dev.js:35:12972
    at aw (C:\Users\kisho\WorkSpace\Local-Service-Marketplace\frontend\node_modules\.pnpm\next@14.1.0_@babel+core@7.2_6
5e8f102da6c0774eb4814b9bce337c8\node_modules\next\dist\compiled\next-server\app-page.runtime.dev.js:35:13009)
 Γ¿» TypeError: Cannot read properties of null (reading 'useContext')
    at x (C:\Users\kisho\WorkSpace\Local-Service-Marketplace\frontend\.next\server\chunks\9273.js:126:43645)
    at f (C:\Users\kisho\WorkSpace\Local-Service-Marketplace\frontend\.next\server\chunks\9273.js:126:34774)
TypeError: Cannot read properties of null (reading 'useContext')
    at t.useContext (C:\Users\kisho\WorkSpace\Local-Service-Marketplace\frontend\node_modules\.pnpm\next@14.1.0_@babel+
core@7.2_65e8f102da6c0774eb4814b9bce337c8\node_modules\next\dist\compiled\next-server\app-page.runtime.prod.js:12:10889
8)
    at x (C:\Users\kisho\WorkSpace\Local-Service-Marketplace\frontend\.next\server\chunks\9273.js:126:43645)
    at f (C:\Users\kisho\WorkSpace\Local-Service-Marketplace\frontend\.next\server\chunks\9273.js:126:34774)
    at as (C:\Users\kisho\WorkSpace\Local-Service-Marketplace\frontend\node_modules\.pnpm\next@14.1.0_@babel+core@7.2_6
5e8f102da6c0774eb4814b9bce337c8\node_modules\next\dist\compiled\next-server\app-page.runtime.dev.js:35:6391)
    at C:\Users\kisho\WorkSpace\Local-Service-Marketplace\frontend\node_modules\.pnpm\next@14.1.0_@babel+core@7.2_65e8f
102da6c0774eb4814b9bce337c8\node_modules\next\dist\compiled\next-server\app-page.runtime.dev.js:35:11242
    at aw (C:\Users\kisho\WorkSpace\Local-Service-Marketplace\frontend\node_modules\.pnpm\next@14.1.0_@babel+core@7.2_6
5e8f102da6c0774eb4814b9bce337c8\node_modules\next\dist\compiled\next-server\app-page.runtime.dev.js:35:13009)
    at ak (C:\Users\kisho\WorkSpace\Local-Service-Marketplace\frontend\node_modules\.pnpm\next@14.1.0_@babel+core@7.2_6
5e8f102da6c0774eb4814b9bce337c8\node_modules\next\dist\compiled\next-server\app-page.runtime.dev.js:35:46552)
    at av (C:\Users\kisho\WorkSpace\Local-Service-Marketplace\frontend\node_modules\.pnpm\next@14.1.0_@babel+core@7.2_6
5e8f102da6c0774eb4814b9bce337c8\node_modules\next\dist\compiled\next-server\app-page.runtime.dev.js:35:7809)
    at C:\Users\kisho\WorkSpace\Local-Service-Marketplace\frontend\node_modules\.pnpm\next@14.1.0_@babel+core@7.2_65e8f
102da6c0774eb4814b9bce337c8\node_modules\next\dist\compiled\next-server\app-page.runtime.dev.js:35:12972
    at aw (C:\Users\kisho\WorkSpace\Local-Service-Marketplace\frontend\node_modules\.pnpm\next@14.1.0_@babel+core@7.2_6
5e8f102da6c0774eb4814b9bce337c8\node_modules\next\dist\compiled\next-server\app-page.runtime.dev.js:35:13009)

Error occurred prerendering page "/phone-login". Read more: https://nextjs.org/docs/messages/prerender-error

TypeError: Cannot read properties of null (reading 'useContext')
    at t.useContext (C:\Users\kisho\WorkSpace\Local-Service-Marketplace\frontend\node_modules\.pnpm\next@14.1.0_@babel+
core@7.2_65e8f102da6c0774eb4814b9bce337c8\node_modules\next\dist\compiled\next-server\app-page.runtime.prod.js:12:10889
8)
    at x (C:\Users\kisho\WorkSpace\Local-Service-Marketplace\frontend\.next\server\chunks\9273.js:126:43645)
    at f (C:\Users\kisho\WorkSpace\Local-Service-Marketplace\frontend\.next\server\chunks\9273.js:126:34774)
    at as (C:\Users\kisho\WorkSpace\Local-Service-Marketplace\frontend\node_modules\.pnpm\next@14.1.0_@babel+core@7.2_6
5e8f102da6c0774eb4814b9bce337c8\node_modules\next\dist\compiled\next-server\app-page.runtime.dev.js:35:6391)
    at C:\Users\kisho\WorkSpace\Local-Service-Marketplace\frontend\node_modules\.pnpm\next@14.1.0_@babel+core@7.2_65e8f
102da6c0774eb4814b9bce337c8\node_modules\next\dist\compiled\next-server\app-page.runtime.dev.js:35:11242
    at aw (C:\Users\kisho\WorkSpace\Local-Service-Marketplace\frontend\node_modules\.pnpm\next@14.1.0_@babel+core@7.2_6
5e8f102da6c0774eb4814b9bce337c8\node_modules\next\dist\compiled\next-server\app-page.runtime.dev.js:35:13009)
    at ak (C:\Users\kisho\WorkSpace\Local-Service-Marketplace\frontend\node_modules\.pnpm\next@14.1.0_@babel+core@7.2_6
5e8f102da6c0774eb4814b9bce337c8\node_modules\next\dist\compiled\next-server\app-page.runtime.dev.js:35:46552)
    at av (C:\Users\kisho\WorkSpace\Local-Service-Marketplace\frontend\node_modules\.pnpm\next@14.1.0_@babel+core@7.2_6
5e8f102da6c0774eb4814b9bce337c8\node_modules\next\dist\compiled\next-server\app-page.runtime.dev.js:35:7809)
    at C:\Users\kisho\WorkSpace\Local-Service-Marketplace\frontend\node_modules\.pnpm\next@14.1.0_@babel+core@7.2_65e8f
102da6c0774eb4814b9bce337c8\node_modules\next\dist\compiled\next-server\app-page.runtime.dev.js:35:12972
    at aw (C:\Users\kisho\WorkSpace\Local-Service-Marketplace\frontend\node_modules\.pnpm\next@14.1.0_@babel+core@7.2_6
5e8f102da6c0774eb4814b9bce337c8\node_modules\next\dist\compiled\next-server\app-page.runtime.dev.js:35:13009)
 Γ¿» TypeError: Cannot read properties of null (reading 'useContext')
    at x (C:\Users\kisho\WorkSpace\Local-Service-Marketplace\frontend\.next\server\chunks\9273.js:126:43645)
    at f (C:\Users\kisho\WorkSpace\Local-Service-Marketplace\frontend\.next\server\chunks\9273.js:126:34774)
TypeError: Cannot read properties of null (reading 'useContext')
    at t.useContext (C:\Users\kisho\WorkSpace\Local-Service-Marketplace\frontend\node_modules\.pnpm\next@14.1.0_@babel+
core@7.2_65e8f102da6c0774eb4814b9bce337c8\node_modules\next\dist\compiled\next-server\app-page.runtime.prod.js:12:10889
8)
    at x (C:\Users\kisho\WorkSpace\Local-Service-Marketplace\frontend\.next\server\chunks\9273.js:126:43645)
    at f (C:\Users\kisho\WorkSpace\Local-Service-Marketplace\frontend\.next\server\chunks\9273.js:126:34774)
    at as (C:\Users\kisho\WorkSpace\Local-Service-Marketplace\frontend\node_modules\.pnpm\next@14.1.0_@babel+core@7.2_6
5e8f102da6c0774eb4814b9bce337c8\node_modules\next\dist\compiled\next-server\app-page.runtime.dev.js:35:6391)
    at C:\Users\kisho\WorkSpace\Local-Service-Marketplace\frontend\node_modules\.pnpm\next@14.1.0_@babel+core@7.2_65e8f
102da6c0774eb4814b9bce337c8\node_modules\next\dist\compiled\next-server\app-page.runtime.dev.js:35:11242
    at aw (C:\Users\kisho\WorkSpace\Local-Service-Marketplace\frontend\node_modules\.pnpm\next@14.1.0_@babel+core@7.2_6
5e8f102da6c0774eb4814b9bce337c8\node_modules\next\dist\compiled\next-server\app-page.runtime.dev.js:35:13009)
    at ak (C:\Users\kisho\WorkSpace\Local-Service-Marketplace\frontend\node_modules\.pnpm\next@14.1.0_@babel+core@7.2_6
5e8f102da6c0774eb4814b9bce337c8\node_modules\next\dist\compiled\next-server\app-page.runtime.dev.js:35:46552)
    at av (C:\Users\kisho\WorkSpace\Local-Service-Marketplace\frontend\node_modules\.pnpm\next@14.1.0_@babel+core@7.2_6
5e8f102da6c0774eb4814b9bce337c8\node_modules\next\dist\compiled\next-server\app-page.runtime.dev.js:35:7809)
    at C:\Users\kisho\WorkSpace\Local-Service-Marketplace\frontend\node_modules\.pnpm\next@14.1.0_@babel+core@7.2_65e8f
102da6c0774eb4814b9bce337c8\node_modules\next\dist\compiled\next-server\app-page.runtime.dev.js:35:12972
    at aw (C:\Users\kisho\WorkSpace\Local-Service-Marketplace\frontend\node_modules\.pnpm\next@14.1.0_@babel+core@7.2_6
5e8f102da6c0774eb4814b9bce337c8\node_modules\next\dist\compiled\next-server\app-page.runtime.dev.js:35:13009)

Error occurred prerendering page "/error". Read more: https://nextjs.org/docs/messages/prerender-error

TypeError: Cannot read properties of null (reading 'useContext')
    at t.useContext (C:\Users\kisho\WorkSpace\Local-Service-Marketplace\frontend\node_modules\.pnpm\next@14.1.0_@babel+
core@7.2_65e8f102da6c0774eb4814b9bce337c8\node_modules\next\dist\compiled\next-server\app-page.runtime.prod.js:12:10889
8)
    at x (C:\Users\kisho\WorkSpace\Local-Service-Marketplace\frontend\.next\server\chunks\9273.js:126:43645)
    at f (C:\Users\kisho\WorkSpace\Local-Service-Marketplace\frontend\.next\server\chunks\9273.js:126:34774)
    at as (C:\Users\kisho\WorkSpace\Local-Service-Marketplace\frontend\node_modules\.pnpm\next@14.1.0_@babel+core@7.2_6
5e8f102da6c0774eb4814b9bce337c8\node_modules\next\dist\compiled\next-server\app-page.runtime.dev.js:35:6391)
    at C:\Users\kisho\WorkSpace\Local-Service-Marketplace\frontend\node_modules\.pnpm\next@14.1.0_@babel+core@7.2_65e8f
102da6c0774eb4814b9bce337c8\node_modules\next\dist\compiled\next-server\app-page.runtime.dev.js:35:11242
    at aw (C:\Users\kisho\WorkSpace\Local-Service-Marketplace\frontend\node_modules\.pnpm\next@14.1.0_@babel+core@7.2_6
5e8f102da6c0774eb4814b9bce337c8\node_modules\next\dist\compiled\next-server\app-page.runtime.dev.js:35:13009)
    at ak (C:\Users\kisho\WorkSpace\Local-Service-Marketplace\frontend\node_modules\.pnpm\next@14.1.0_@babel+core@7.2_6
5e8f102da6c0774eb4814b9bce337c8\node_modules\next\dist\compiled\next-server\app-page.runtime.dev.js:35:46552)
    at av (C:\Users\kisho\WorkSpace\Local-Service-Marketplace\frontend\node_modules\.pnpm\next@14.1.0_@babel+core@7.2_6
5e8f102da6c0774eb4814b9bce337c8\node_modules\next\dist\compiled\next-server\app-page.runtime.dev.js:35:7809)
    at C:\Users\kisho\WorkSpace\Local-Service-Marketplace\frontend\node_modules\.pnpm\next@14.1.0_@babel+core@7.2_65e8f
102da6c0774eb4814b9bce337c8\node_modules\next\dist\compiled\next-server\app-page.runtime.dev.js:35:12972
    at aw (C:\Users\kisho\WorkSpace\Local-Service-Marketplace\frontend\node_modules\.pnpm\next@14.1.0_@babel+core@7.2_6
5e8f102da6c0774eb4814b9bce337c8\node_modules\next\dist\compiled\next-server\app-page.runtime.dev.js:35:13009)
 Γ¿» TypeError: Cannot read properties of null (reading 'useContext')
    at x (C:\Users\kisho\WorkSpace\Local-Service-Marketplace\frontend\.next\server\chunks\9273.js:126:43645)
    at f (C:\Users\kisho\WorkSpace\Local-Service-Marketplace\frontend\.next\server\chunks\9273.js:126:34774)
TypeError: Cannot read properties of null (reading 'useContext')
    at t.useContext (C:\Users\kisho\WorkSpace\Local-Service-Marketplace\frontend\node_modules\.pnpm\next@14.1.0_@babel+
core@7.2_65e8f102da6c0774eb4814b9bce337c8\node_modules\next\dist\compiled\next-server\app-page.runtime.prod.js:12:10889
8)
    at x (C:\Users\kisho\WorkSpace\Local-Service-Marketplace\frontend\.next\server\chunks\9273.js:126:43645)
    at f (C:\Users\kisho\WorkSpace\Local-Service-Marketplace\frontend\.next\server\chunks\9273.js:126:34774)
    at as (C:\Users\kisho\WorkSpace\Local-Service-Marketplace\frontend\node_modules\.pnpm\next@14.1.0_@babel+core@7.2_6
5e8f102da6c0774eb4814b9bce337c8\node_modules\next\dist\compiled\next-server\app-page.runtime.dev.js:35:6391)
    at C:\Users\kisho\WorkSpace\Local-Service-Marketplace\frontend\node_modules\.pnpm\next@14.1.0_@babel+core@7.2_65e8f
102da6c0774eb4814b9bce337c8\node_modules\next\dist\compiled\next-server\app-page.runtime.dev.js:35:11242
    at aw (C:\Users\kisho\WorkSpace\Local-Service-Marketplace\frontend\node_modules\.pnpm\next@14.1.0_@babel+core@7.2_6
5e8f102da6c0774eb4814b9bce337c8\node_modules\next\dist\compiled\next-server\app-page.runtime.dev.js:35:13009)
    at ak (C:\Users\kisho\WorkSpace\Local-Service-Marketplace\frontend\node_modules\.pnpm\next@14.1.0_@babel+core@7.2_6
5e8f102da6c0774eb4814b9bce337c8\node_modules\next\dist\compiled\next-server\app-page.runtime.dev.js:35:46552)
    at av (C:\Users\kisho\WorkSpace\Local-Service-Marketplace\frontend\node_modules\.pnpm\next@14.1.0_@babel+core@7.2_6
5e8f102da6c0774eb4814b9bce337c8\node_modules\next\dist\compiled\next-server\app-page.runtime.dev.js:35:7809)
    at C:\Users\kisho\WorkSpace\Local-Service-Marketplace\frontend\node_modules\.pnpm\next@14.1.0_@babel+core@7.2_65e8f
102da6c0774eb4814b9bce337c8\node_modules\next\dist\compiled\next-server\app-page.runtime.dev.js:35:12972
    at aw (C:\Users\kisho\WorkSpace\Local-Service-Marketplace\frontend\node_modules\.pnpm\next@14.1.0_@babel+core@7.2_6
5e8f102da6c0774eb4814b9bce337c8\node_modules\next\dist\compiled\next-server\app-page.runtime.dev.js:35:13009)

Error occurred prerendering page "/onboarding". Read more: https://nextjs.org/docs/messages/prerender-error

TypeError: Cannot read properties of null (reading 'useContext')
    at t.useContext (C:\Users\kisho\WorkSpace\Local-Service-Marketplace\frontend\node_modules\.pnpm\next@14.1.0_@babel+
core@7.2_65e8f102da6c0774eb4814b9bce337c8\node_modules\next\dist\compiled\next-server\app-page.runtime.prod.js:12:10889
8)
    at x (C:\Users\kisho\WorkSpace\Local-Service-Marketplace\frontend\.next\server\chunks\9273.js:126:43645)
    at f (C:\Users\kisho\WorkSpace\Local-Service-Marketplace\frontend\.next\server\chunks\9273.js:126:34774)
    at as (C:\Users\kisho\WorkSpace\Local-Service-Marketplace\frontend\node_modules\.pnpm\next@14.1.0_@babel+core@7.2_6
5e8f102da6c0774eb4814b9bce337c8\node_modules\next\dist\compiled\next-server\app-page.runtime.dev.js:35:6391)
    at C:\Users\kisho\WorkSpace\Local-Service-Marketplace\frontend\node_modules\.pnpm\next@14.1.0_@babel+core@7.2_65e8f
102da6c0774eb4814b9bce337c8\node_modules\next\dist\compiled\next-server\app-page.runtime.dev.js:35:11242
    at aw (C:\Users\kisho\WorkSpace\Local-Service-Marketplace\frontend\node_modules\.pnpm\next@14.1.0_@babel+core@7.2_6
5e8f102da6c0774eb4814b9bce337c8\node_modules\next\dist\compiled\next-server\app-page.runtime.dev.js:35:13009)
    at ak (C:\Users\kisho\WorkSpace\Local-Service-Marketplace\frontend\node_modules\.pnpm\next@14.1.0_@babel+core@7.2_6
5e8f102da6c0774eb4814b9bce337c8\node_modules\next\dist\compiled\next-server\app-page.runtime.dev.js:35:46552)
    at av (C:\Users\kisho\WorkSpace\Local-Service-Marketplace\frontend\node_modules\.pnpm\next@14.1.0_@babel+core@7.2_6
5e8f102da6c0774eb4814b9bce337c8\node_modules\next\dist\compiled\next-server\app-page.runtime.dev.js:35:7809)
    at C:\Users\kisho\WorkSpace\Local-Service-Marketplace\frontend\node_modules\.pnpm\next@14.1.0_@babel+core@7.2_65e8f
102da6c0774eb4814b9bce337c8\node_modules\next\dist\compiled\next-server\app-page.runtime.dev.js:35:12972
    at aw (C:\Users\kisho\WorkSpace\Local-Service-Marketplace\frontend\node_modules\.pnpm\next@14.1.0_@babel+core@7.2_6
5e8f102da6c0774eb4814b9bce337c8\node_modules\next\dist\compiled\next-server\app-page.runtime.dev.js:35:13009)
 Γ¿» TypeError: Cannot read properties of null (reading 'useContext')
    at x (C:\Users\kisho\WorkSpace\Local-Service-Marketplace\frontend\.next\server\chunks\9273.js:126:43645)
    at f (C:\Users\kisho\WorkSpace\Local-Service-Marketplace\frontend\.next\server\chunks\9273.js:126:34774)
TypeError: Cannot read properties of null (reading 'useContext')
    at t.useContext (C:\Users\kisho\WorkSpace\Local-Service-Marketplace\frontend\node_modules\.pnpm\next@14.1.0_@babel+
core@7.2_65e8f102da6c0774eb4814b9bce337c8\node_modules\next\dist\compiled\next-server\app-page.runtime.prod.js:12:10889
8)
    at x (C:\Users\kisho\WorkSpace\Local-Service-Marketplace\frontend\.next\server\chunks\9273.js:126:43645)
    at f (C:\Users\kisho\WorkSpace\Local-Service-Marketplace\frontend\.next\server\chunks\9273.js:126:34774)
    at as (C:\Users\kisho\WorkSpace\Local-Service-Marketplace\frontend\node_modules\.pnpm\next@14.1.0_@babel+core@7.2_6
5e8f102da6c0774eb4814b9bce337c8\node_modules\next\dist\compiled\next-server\app-page.runtime.dev.js:35:6391)
    at C:\Users\kisho\WorkSpace\Local-Service-Marketplace\frontend\node_modules\.pnpm\next@14.1.0_@babel+core@7.2_65e8f
102da6c0774eb4814b9bce337c8\node_modules\next\dist\compiled\next-server\app-page.runtime.dev.js:35:11242
    at aw (C:\Users\kisho\WorkSpace\Local-Service-Marketplace\frontend\node_modules\.pnpm\next@14.1.0_@babel+core@7.2_6
5e8f102da6c0774eb4814b9bce337c8\node_modules\next\dist\compiled\next-server\app-page.runtime.dev.js:35:13009)
    at ak (C:\Users\kisho\WorkSpace\Local-Service-Marketplace\frontend\node_modules\.pnpm\next@14.1.0_@babel+core@7.2_6
5e8f102da6c0774eb4814b9bce337c8\node_modules\next\dist\compiled\next-server\app-page.runtime.dev.js:35:46552)
    at av (C:\Users\kisho\WorkSpace\Local-Service-Marketplace\frontend\node_modules\.pnpm\next@14.1.0_@babel+core@7.2_6
5e8f102da6c0774eb4814b9bce337c8\node_modules\next\dist\compiled\next-server\app-page.runtime.dev.js:35:7809)
    at C:\Users\kisho\WorkSpace\Local-Service-Marketplace\frontend\node_modules\.pnpm\next@14.1.0_@babel+core@7.2_65e8f
102da6c0774eb4814b9bce337c8\node_modules\next\dist\compiled\next-server\app-page.runtime.dev.js:35:12972
    at aw (C:\Users\kisho\WorkSpace\Local-Service-Marketplace\frontend\node_modules\.pnpm\next@14.1.0_@babel+core@7.2_6
5e8f102da6c0774eb4814b9bce337c8\node_modules\next\dist\compiled\next-server\app-page.runtime.dev.js:35:13009)

Error occurred prerendering page "/how-it-works". Read more: https://nextjs.org/docs/messages/prerender-error

TypeError: Cannot read properties of null (reading 'useContext')
    at t.useContext (C:\Users\kisho\WorkSpace\Local-Service-Marketplace\frontend\node_modules\.pnpm\next@14.1.0_@babel+
core@7.2_65e8f102da6c0774eb4814b9bce337c8\node_modules\next\dist\compiled\next-server\app-page.runtime.prod.js:12:10889
8)
    at x (C:\Users\kisho\WorkSpace\Local-Service-Marketplace\frontend\.next\server\chunks\9273.js:126:43645)
    at f (C:\Users\kisho\WorkSpace\Local-Service-Marketplace\frontend\.next\server\chunks\9273.js:126:34774)
    at as (C:\Users\kisho\WorkSpace\Local-Service-Marketplace\frontend\node_modules\.pnpm\next@14.1.0_@babel+core@7.2_6
5e8f102da6c0774eb4814b9bce337c8\node_modules\next\dist\compiled\next-server\app-page.runtime.dev.js:35:6391)
    at C:\Users\kisho\WorkSpace\Local-Service-Marketplace\frontend\node_modules\.pnpm\next@14.1.0_@babel+core@7.2_65e8f
102da6c0774eb4814b9bce337c8\node_modules\next\dist\compiled\next-server\app-page.runtime.dev.js:35:11242
    at aw (C:\Users\kisho\WorkSpace\Local-Service-Marketplace\frontend\node_modules\.pnpm\next@14.1.0_@babel+core@7.2_6
5e8f102da6c0774eb4814b9bce337c8\node_modules\next\dist\compiled\next-server\app-page.runtime.dev.js:35:13009)
    at ak (C:\Users\kisho\WorkSpace\Local-Service-Marketplace\frontend\node_modules\.pnpm\next@14.1.0_@babel+core@7.2_6
5e8f102da6c0774eb4814b9bce337c8\node_modules\next\dist\compiled\next-server\app-page.runtime.dev.js:35:46552)
    at av (C:\Users\kisho\WorkSpace\Local-Service-Marketplace\frontend\node_modules\.pnpm\next@14.1.0_@babel+core@7.2_6
5e8f102da6c0774eb4814b9bce337c8\node_modules\next\dist\compiled\next-server\app-page.runtime.dev.js:35:7809)
    at C:\Users\kisho\WorkSpace\Local-Service-Marketplace\frontend\node_modules\.pnpm\next@14.1.0_@babel+core@7.2_65e8f
102da6c0774eb4814b9bce337c8\node_modules\next\dist\compiled\next-server\app-page.runtime.dev.js:35:12972
    at aw (C:\Users\kisho\WorkSpace\Local-Service-Marketplace\frontend\node_modules\.pnpm\next@14.1.0_@babel+core@7.2_6
5e8f102da6c0774eb4814b9bce337c8\node_modules\next\dist\compiled\next-server\app-page.runtime.dev.js:35:13009)
 Γ¿» TypeError: Cannot read properties of null (reading 'useContext')
    at x (C:\Users\kisho\WorkSpace\Local-Service-Marketplace\frontend\.next\server\chunks\9273.js:126:43645)
    at f (C:\Users\kisho\WorkSpace\Local-Service-Marketplace\frontend\.next\server\chunks\9273.js:126:34774)
TypeError: Cannot read properties of null (reading 'useContext')
    at t.useContext (C:\Users\kisho\WorkSpace\Local-Service-Marketplace\frontend\node_modules\.pnpm\next@14.1.0_@babel+
core@7.2_65e8f102da6c0774eb4814b9bce337c8\node_modules\next\dist\compiled\next-server\app-page.runtime.prod.js:12:10889
8)
    at x (C:\Users\kisho\WorkSpace\Local-Service-Marketplace\frontend\.next\server\chunks\9273.js:126:43645)
    at f (C:\Users\kisho\WorkSpace\Local-Service-Marketplace\frontend\.next\server\chunks\9273.js:126:34774)
    at as (C:\Users\kisho\WorkSpace\Local-Service-Marketplace\frontend\node_modules\.pnpm\next@14.1.0_@babel+core@7.2_6
5e8f102da6c0774eb4814b9bce337c8\node_modules\next\dist\compiled\next-server\app-page.runtime.dev.js:35:6391)
    at C:\Users\kisho\WorkSpace\Local-Service-Marketplace\frontend\node_modules\.pnpm\next@14.1.0_@babel+core@7.2_65e8f
102da6c0774eb4814b9bce337c8\node_modules\next\dist\compiled\next-server\app-page.runtime.dev.js:35:11242

   Generating static pages (15/63) 
    at aw (C:\Users\kisho\WorkSpace\Local-Service-Marketplace\frontend\node_modules\.pnpm\next@14.1.0_@babel+core@7.2_6
5e8f102da6c0774eb4814b9bce337c8\node_modules\next\dist\compiled\next-server\app-page.runtime.dev.js:35:13009)
    at ak (C:\Users\kisho\WorkSpace\Local-Service-Marketplace\frontend\node_modules\.pnpm\next@14.1.0_@babel+core@7.2_6
5e8f102da6c0774eb4814b9bce337c8\node_modules\next\dist\compiled\next-server\app-page.runtime.dev.js:35:46552)
    at av (C:\Users\kisho\WorkSpace\Local-Service-Marketplace\frontend\node_modules\.pnpm\next@14.1.0_@babel+core@7.2_6
5e8f102da6c0774eb4814b9bce337c8\node_modules\next\dist\compiled\next-server\app-page.runtime.dev.js:35:7809)
    at C:\Users\kisho\WorkSpace\Local-Service-Marketplace\frontend\node_modules\.pnpm\next@14.1.0_@babel+core@7.2_65e8f
102da6c0774eb4814b9bce337c8\node_modules\next\dist\compiled\next-server\app-page.runtime.dev.js:35:12972
    at aw (C:\Users\kisho\WorkSpace\Local-Service-Marketplace\frontend\node_modules\.pnpm\next@14.1.0_@babel+core@7.2_6
5e8f102da6c0774eb4814b9bce337c8\node_modules\next\dist\compiled\next-server\app-page.runtime.dev.js:35:13009)

Error occurred prerendering page "/signup". Read more: https://nextjs.org/docs/messages/prerender-error

TypeError: Cannot read properties of null (reading 'useContext')
    at t.useContext (C:\Users\kisho\WorkSpace\Local-Service-Marketplace\frontend\node_modules\.pnpm\next@14.1.0_@babel+
core@7.2_65e8f102da6c0774eb4814b9bce337c8\node_modules\next\dist\compiled\next-server\app-page.runtime.prod.js:12:10889
8)
    at x (C:\Users\kisho\WorkSpace\Local-Service-Marketplace\frontend\.next\server\chunks\9273.js:126:43645)
    at f (C:\Users\kisho\WorkSpace\Local-Service-Marketplace\frontend\.next\server\chunks\9273.js:126:34774)
    at as (C:\Users\kisho\WorkSpace\Local-Service-Marketplace\frontend\node_modules\.pnpm\next@14.1.0_@babel+core@7.2_6
5e8f102da6c0774eb4814b9bce337c8\node_modules\next\dist\compiled\next-server\app-page.runtime.dev.js:35:6391)
    at C:\Users\kisho\WorkSpace\Local-Service-Marketplace\frontend\node_modules\.pnpm\next@14.1.0_@babel+core@7.2_65e8f
102da6c0774eb4814b9bce337c8\node_modules\next\dist\compiled\next-server\app-page.runtime.dev.js:35:11242
    at aw (C:\Users\kisho\WorkSpace\Local-Service-Marketplace\frontend\node_modules\.pnpm\next@14.1.0_@babel+core@7.2_6
5e8f102da6c0774eb4814b9bce337c8\node_modules\next\dist\compiled\next-server\app-page.runtime.dev.js:35:13009)
    at ak (C:\Users\kisho\WorkSpace\Local-Service-Marketplace\frontend\node_modules\.pnpm\next@14.1.0_@babel+core@7.2_6
5e8f102da6c0774eb4814b9bce337c8\node_modules\next\dist\compiled\next-server\app-page.runtime.dev.js:35:46552)
    at av (C:\Users\kisho\WorkSpace\Local-Service-Marketplace\frontend\node_modules\.pnpm\next@14.1.0_@babel+core@7.2_6
5e8f102da6c0774eb4814b9bce337c8\node_modules\next\dist\compiled\next-server\app-page.runtime.dev.js:35:7809)
    at C:\Users\kisho\WorkSpace\Local-Service-Marketplace\frontend\node_modules\.pnpm\next@14.1.0_@babel+core@7.2_65e8f
102da6c0774eb4814b9bce337c8\node_modules\next\dist\compiled\next-server\app-page.runtime.dev.js:35:12972
    at aw (C:\Users\kisho\WorkSpace\Local-Service-Marketplace\frontend\node_modules\.pnpm\next@14.1.0_@babel+core@7.2_6
5e8f102da6c0774eb4814b9bce337c8\node_modules\next\dist\compiled\next-server\app-page.runtime.dev.js:35:13009)
Error: <Html> should not be imported outside of pages/_document.
Read more: https://nextjs.org/docs/messages/no-document-import-in-page
    at eu (C:\Users\kisho\WorkSpace\Local-Service-Marketplace\frontend\node_modules\.pnpm\next@14.1.0_@babel+core@7.2_6
5e8f102da6c0774eb4814b9bce337c8\node_modules\next\dist\compiled\next-server\pages.runtime.prod.js:16:5484)
    at S (C:\Users\kisho\WorkSpace\Local-Service-Marketplace\frontend\.next\server\chunks\6299.js:6:1253)
    at renderWithHooks (C:\Users\kisho\WorkSpace\Local-Service-Marketplace\frontend\node_modules\.pnpm\react-dom@18.2.0
_react@18.2.0\node_modules\react-dom\cjs\react-dom-server.browser.development.js:5658:16)
    at renderIndeterminateComponent (C:\Users\kisho\WorkSpace\Local-Service-Marketplace\frontend\node_modules\.pnpm\rea
ct-dom@18.2.0_react@18.2.0\node_modules\react-dom\cjs\react-dom-server.browser.development.js:5731:15)
    at renderElement (C:\Users\kisho\WorkSpace\Local-Service-Marketplace\frontend\node_modules\.pnpm\react-dom@18.2.0_r
eact@18.2.0\node_modules\react-dom\cjs\react-dom-server.browser.development.js:5946:7)
    at renderNodeDestructiveImpl (C:\Users\kisho\WorkSpace\Local-Service-Marketplace\frontend\node_modules\.pnpm\react-
dom@18.2.0_react@18.2.0\node_modules\react-dom\cjs\react-dom-server.browser.development.js:6104:11)
    at renderNodeDestructive (C:\Users\kisho\WorkSpace\Local-Service-Marketplace\frontend\node_modules\.pnpm\react-dom@
18.2.0_react@18.2.0\node_modules\react-dom\cjs\react-dom-server.browser.development.js:6076:14)
    at finishClassComponent (C:\Users\kisho\WorkSpace\Local-Service-Marketplace\frontend\node_modules\.pnpm\react-dom@1
8.2.0_react@18.2.0\node_modules\react-dom\cjs\react-dom-server.browser.development.js:5688:3)
    at renderClassComponent (C:\Users\kisho\WorkSpace\Local-Service-Marketplace\frontend\node_modules\.pnpm\react-dom@1
8.2.0_react@18.2.0\node_modules\react-dom\cjs\react-dom-server.browser.development.js:5696:3)
    at renderElement (C:\Users\kisho\WorkSpace\Local-Service-Marketplace\frontend\node_modules\.pnpm\react-dom@18.2.0_r
eact@18.2.0\node_modules\react-dom\cjs\react-dom-server.browser.development.js:5943:7)

Error occurred prerendering page "/404". Read more: https://nextjs.org/docs/messages/prerender-error

Error: <Html> should not be imported outside of pages/_document.
Read more: https://nextjs.org/docs/messages/no-document-import-in-page
    at eu (C:\Users\kisho\WorkSpace\Local-Service-Marketplace\frontend\node_modules\.pnpm\next@14.1.0_@babel+core@7.2_6
5e8f102da6c0774eb4814b9bce337c8\node_modules\next\dist\compiled\next-server\pages.runtime.prod.js:16:5484)
    at S (C:\Users\kisho\WorkSpace\Local-Service-Marketplace\frontend\.next\server\chunks\6299.js:6:1253)
    at renderWithHooks (C:\Users\kisho\WorkSpace\Local-Service-Marketplace\frontend\node_modules\.pnpm\react-dom@18.2.0
_react@18.2.0\node_modules\react-dom\cjs\react-dom-server.browser.development.js:5658:16)
    at renderIndeterminateComponent (C:\Users\kisho\WorkSpace\Local-Service-Marketplace\frontend\node_modules\.pnpm\rea
ct-dom@18.2.0_react@18.2.0\node_modules\react-dom\cjs\react-dom-server.browser.development.js:5731:15)
    at renderElement (C:\Users\kisho\WorkSpace\Local-Service-Marketplace\frontend\node_modules\.pnpm\react-dom@18.2.0_r
eact@18.2.0\node_modules\react-dom\cjs\react-dom-server.browser.development.js:5946:7)
    at renderNodeDestructiveImpl (C:\Users\kisho\WorkSpace\Local-Service-Marketplace\frontend\node_modules\.pnpm\react-
dom@18.2.0_react@18.2.0\node_modules\react-dom\cjs\react-dom-server.browser.development.js:6104:11)
    at renderNodeDestructive (C:\Users\kisho\WorkSpace\Local-Service-Marketplace\frontend\node_modules\.pnpm\react-dom@
18.2.0_react@18.2.0\node_modules\react-dom\cjs\react-dom-server.browser.development.js:6076:14)
    at finishClassComponent (C:\Users\kisho\WorkSpace\Local-Service-Marketplace\frontend\node_modules\.pnpm\react-dom@1
8.2.0_react@18.2.0\node_modules\react-dom\cjs\react-dom-server.browser.development.js:5688:3)
    at renderClassComponent (C:\Users\kisho\WorkSpace\Local-Service-Marketplace\frontend\node_modules\.pnpm\react-dom@1
8.2.0_react@18.2.0\node_modules\react-dom\cjs\react-dom-server.browser.development.js:5696:3)
    at renderElement (C:\Users\kisho\WorkSpace\Local-Service-Marketplace\frontend\node_modules\.pnpm\react-dom@18.2.0_r
eact@18.2.0\node_modules\react-dom\cjs\react-dom-server.browser.development.js:5943:7)
Error: <Html> should not be imported outside of pages/_document.
Read more: https://nextjs.org/docs/messages/no-document-import-in-page
    at eu (C:\Users\kisho\WorkSpace\Local-Service-Marketplace\frontend\node_modules\.pnpm\next@14.1.0_@babel+core@7.2_6
5e8f102da6c0774eb4814b9bce337c8\node_modules\next\dist\compiled\next-server\pages.runtime.prod.js:16:5484)
    at S (C:\Users\kisho\WorkSpace\Local-Service-Marketplace\frontend\.next\server\chunks\6299.js:6:1253)
    at renderWithHooks (C:\Users\kisho\WorkSpace\Local-Service-Marketplace\frontend\node_modules\.pnpm\react-dom@18.2.0
_react@18.2.0\node_modules\react-dom\cjs\react-dom-server.browser.development.js:5658:16)
    at renderIndeterminateComponent (C:\Users\kisho\WorkSpace\Local-Service-Marketplace\frontend\node_modules\.pnpm\rea
ct-dom@18.2.0_react@18.2.0\node_modules\react-dom\cjs\react-dom-server.browser.development.js:5731:15)
    at renderElement (C:\Users\kisho\WorkSpace\Local-Service-Marketplace\frontend\node_modules\.pnpm\react-dom@18.2.0_r
eact@18.2.0\node_modules\react-dom\cjs\react-dom-server.browser.development.js:5946:7)
    at renderNodeDestructiveImpl (C:\Users\kisho\WorkSpace\Local-Service-Marketplace\frontend\node_modules\.pnpm\react-
dom@18.2.0_react@18.2.0\node_modules\react-dom\cjs\react-dom-server.browser.development.js:6104:11)
    at renderNodeDestructive (C:\Users\kisho\WorkSpace\Local-Service-Marketplace\frontend\node_modules\.pnpm\react-dom@
18.2.0_react@18.2.0\node_modules\react-dom\cjs\react-dom-server.browser.development.js:6076:14)
    at finishClassComponent (C:\Users\kisho\WorkSpace\Local-Service-Marketplace\frontend\node_modules\.pnpm\react-dom@1
8.2.0_react@18.2.0\node_modules\react-dom\cjs\react-dom-server.browser.development.js:5688:3)
    at renderClassComponent (C:\Users\kisho\WorkSpace\Local-Service-Marketplace\frontend\node_modules\.pnpm\react-dom@1
8.2.0_react@18.2.0\node_modules\react-dom\cjs\react-dom-server.browser.development.js:5696:3)
    at renderElement (C:\Users\kisho\WorkSpace\Local-Service-Marketplace\frontend\node_modules\.pnpm\react-dom@18.2.0_r
eact@18.2.0\node_modules\react-dom\cjs\react-dom-server.browser.development.js:5943:7)

Error occurred prerendering page "/500". Read more: https://nextjs.org/docs/messages/prerender-error

Error: <Html> should not be imported outside of pages/_document.
Read more: https://nextjs.org/docs/messages/no-document-import-in-page
    at eu (C:\Users\kisho\WorkSpace\Local-Service-Marketplace\frontend\node_modules\.pnpm\next@14.1.0_@babel+core@7.2_6
5e8f102da6c0774eb4814b9bce337c8\node_modules\next\dist\compiled\next-server\pages.runtime.prod.js:16:5484)
    at S (C:\Users\kisho\WorkSpace\Local-Service-Marketplace\frontend\.next\server\chunks\6299.js:6:1253)
    at renderWithHooks (C:\Users\kisho\WorkSpace\Local-Service-Marketplace\frontend\node_modules\.pnpm\react-dom@18.2.0
_react@18.2.0\node_modules\react-dom\cjs\react-dom-server.browser.development.js:5658:16)
    at renderIndeterminateComponent (C:\Users\kisho\WorkSpace\Local-Service-Marketplace\frontend\node_modules\.pnpm\rea
ct-dom@18.2.0_react@18.2.0\node_modules\react-dom\cjs\react-dom-server.browser.development.js:5731:15)
    at renderElement (C:\Users\kisho\WorkSpace\Local-Service-Marketplace\frontend\node_modules\.pnpm\react-dom@18.2.0_r
eact@18.2.0\node_modules\react-dom\cjs\react-dom-server.browser.development.js:5946:7)
    at renderNodeDestructiveImpl (C:\Users\kisho\WorkSpace\Local-Service-Marketplace\frontend\node_modules\.pnpm\react-
dom@18.2.0_react@18.2.0\node_modules\react-dom\cjs\react-dom-server.browser.development.js:6104:11)
    at renderNodeDestructive (C:\Users\kisho\WorkSpace\Local-Service-Marketplace\frontend\node_modules\.pnpm\react-dom@
18.2.0_react@18.2.0\node_modules\react-dom\cjs\react-dom-server.browser.development.js:6076:14)
    at finishClassComponent (C:\Users\kisho\WorkSpace\Local-Service-Marketplace\frontend\node_modules\.pnpm\react-dom@1
8.2.0_react@18.2.0\node_modules\react-dom\cjs\react-dom-server.browser.development.js:5688:3)
    at renderClassComponent (C:\Users\kisho\WorkSpace\Local-Service-Marketplace\frontend\node_modules\.pnpm\react-dom@1
8.2.0_react@18.2.0\node_modules\react-dom\cjs\react-dom-server.browser.development.js:5696:3)
    at renderElement (C:\Users\kisho\WorkSpace\Local-Service-Marketplace\frontend\node_modules\.pnpm\react-dom@18.2.0_r
eact@18.2.0\node_modules\react-dom\cjs\react-dom-server.browser.development.js:5943:7)
 Γ¿» TypeError: Cannot read properties of null (reading 'useContext')
    at x (C:\Users\kisho\WorkSpace\Local-Service-Marketplace\frontend\.next\server\chunks\9273.js:126:43645)
    at f (C:\Users\kisho\WorkSpace\Local-Service-Marketplace\frontend\.next\server\chunks\9273.js:126:34774)
TypeError: Cannot read properties of null (reading 'useContext')
    at t.useContext (C:\Users\kisho\WorkSpace\Local-Service-Marketplace\frontend\node_modules\.pnpm\next@14.1.0_@babel+
core@7.2_65e8f102da6c0774eb4814b9bce337c8\node_modules\next\dist\compiled\next-server\app-page.runtime.prod.js:12:10889
8)
    at x (C:\Users\kisho\WorkSpace\Local-Service-Marketplace\frontend\.next\server\chunks\9273.js:126:43645)
    at f (C:\Users\kisho\WorkSpace\Local-Service-Marketplace\frontend\.next\server\chunks\9273.js:126:34774)
    at as (C:\Users\kisho\WorkSpace\Local-Service-Marketplace\frontend\node_modules\.pnpm\next@14.1.0_@babel+core@7.2_6
5e8f102da6c0774eb4814b9bce337c8\node_modules\next\dist\compiled\next-server\app-page.runtime.dev.js:35:6391)
    at C:\Users\kisho\WorkSpace\Local-Service-Marketplace\frontend\node_modules\.pnpm\next@14.1.0_@babel+core@7.2_65e8f
102da6c0774eb4814b9bce337c8\node_modules\next\dist\compiled\next-server\app-page.runtime.dev.js:35:11242
    at aw (C:\Users\kisho\WorkSpace\Local-Service-Marketplace\frontend\node_modules\.pnpm\next@14.1.0_@babel+core@7.2_6
5e8f102da6c0774eb4814b9bce337c8\node_modules\next\dist\compiled\next-server\app-page.runtime.dev.js:35:13009)
    at ak (C:\Users\kisho\WorkSpace\Local-Service-Marketplace\frontend\node_modules\.pnpm\next@14.1.0_@babel+core@7.2_6
5e8f102da6c0774eb4814b9bce337c8\node_modules\next\dist\compiled\next-server\app-page.runtime.dev.js:35:46552)
    at av (C:\Users\kisho\WorkSpace\Local-Service-Marketplace\frontend\node_modules\.pnpm\next@14.1.0_@babel+core@7.2_6
5e8f102da6c0774eb4814b9bce337c8\node_modules\next\dist\compiled\next-server\app-page.runtime.dev.js:35:7809)
    at C:\Users\kisho\WorkSpace\Local-Service-Marketplace\frontend\node_modules\.pnpm\next@14.1.0_@babel+core@7.2_65e8f
102da6c0774eb4814b9bce337c8\node_modules\next\dist\compiled\next-server\app-page.runtime.dev.js:35:12972
    at aw (C:\Users\kisho\WorkSpace\Local-Service-Marketplace\frontend\node_modules\.pnpm\next@14.1.0_@babel+core@7.2_6
5e8f102da6c0774eb4814b9bce337c8\node_modules\next\dist\compiled\next-server\app-page.runtime.dev.js:35:13009)

Error occurred prerendering page "/callback". Read more: https://nextjs.org/docs/messages/prerender-error

TypeError: Cannot read properties of null (reading 'useContext')
    at t.useContext (C:\Users\kisho\WorkSpace\Local-Service-Marketplace\frontend\node_modules\.pnpm\next@14.1.0_@babel+
core@7.2_65e8f102da6c0774eb4814b9bce337c8\node_modules\next\dist\compiled\next-server\app-page.runtime.prod.js:12:10889
8)
    at x (C:\Users\kisho\WorkSpace\Local-Service-Marketplace\frontend\.next\server\chunks\9273.js:126:43645)
    at f (C:\Users\kisho\WorkSpace\Local-Service-Marketplace\frontend\.next\server\chunks\9273.js:126:34774)
    at as (C:\Users\kisho\WorkSpace\Local-Service-Marketplace\frontend\node_modules\.pnpm\next@14.1.0_@babel+core@7.2_6
5e8f102da6c0774eb4814b9bce337c8\node_modules\next\dist\compiled\next-server\app-page.runtime.dev.js:35:6391)
    at C:\Users\kisho\WorkSpace\Local-Service-Marketplace\frontend\node_modules\.pnpm\next@14.1.0_@babel+core@7.2_65e8f
102da6c0774eb4814b9bce337c8\node_modules\next\dist\compiled\next-server\app-page.runtime.dev.js:35:11242
    at aw (C:\Users\kisho\WorkSpace\Local-Service-Marketplace\frontend\node_modules\.pnpm\next@14.1.0_@babel+core@7.2_6
5e8f102da6c0774eb4814b9bce337c8\node_modules\next\dist\compiled\next-server\app-page.runtime.dev.js:35:13009)
    at ak (C:\Users\kisho\WorkSpace\Local-Service-Marketplace\frontend\node_modules\.pnpm\next@14.1.0_@babel+core@7.2_6
5e8f102da6c0774eb4814b9bce337c8\node_modules\next\dist\compiled\next-server\app-page.runtime.dev.js:35:46552)
    at av (C:\Users\kisho\WorkSpace\Local-Service-Marketplace\frontend\node_modules\.pnpm\next@14.1.0_@babel+core@7.2_6
5e8f102da6c0774eb4814b9bce337c8\node_modules\next\dist\compiled\next-server\app-page.runtime.dev.js:35:7809)
    at C:\Users\kisho\WorkSpace\Local-Service-Marketplace\frontend\node_modules\.pnpm\next@14.1.0_@babel+core@7.2_65e8f
102da6c0774eb4814b9bce337c8\node_modules\next\dist\compiled\next-server\app-page.runtime.dev.js:35:12972
    at aw (C:\Users\kisho\WorkSpace\Local-Service-Marketplace\frontend\node_modules\.pnpm\next@14.1.0_@babel+core@7.2_6
5e8f102da6c0774eb4814b9bce337c8\node_modules\next\dist\compiled\next-server\app-page.runtime.dev.js:35:13009)
 Γ¿» TypeError: Cannot read properties of null (reading 'useContext')
    at x (C:\Users\kisho\WorkSpace\Local-Service-Marketplace\frontend\.next\server\chunks\9273.js:126:43645)
    at f (C:\Users\kisho\WorkSpace\Local-Service-Marketplace\frontend\.next\server\chunks\9273.js:126:34774)
TypeError: Cannot read properties of null (reading 'useContext')
    at t.useContext (C:\Users\kisho\WorkSpace\Local-Service-Marketplace\frontend\node_modules\.pnpm\next@14.1.0_@babel+
core@7.2_65e8f102da6c0774eb4814b9bce337c8\node_modules\next\dist\compiled\next-server\app-page.runtime.prod.js:12:10889
8)
    at x (C:\Users\kisho\WorkSpace\Local-Service-Marketplace\frontend\.next\server\chunks\9273.js:126:43645)
    at f (C:\Users\kisho\WorkSpace\Local-Service-Marketplace\frontend\.next\server\chunks\9273.js:126:34774)
    at as (C:\Users\kisho\WorkSpace\Local-Service-Marketplace\frontend\node_modules\.pnpm\next@14.1.0_@babel+core@7.2_6
5e8f102da6c0774eb4814b9bce337c8\node_modules\next\dist\compiled\next-server\app-page.runtime.dev.js:35:6391)
    at C:\Users\kisho\WorkSpace\Local-Service-Marketplace\frontend\node_modules\.pnpm\next@14.1.0_@babel+core@7.2_65e8f
102da6c0774eb4814b9bce337c8\node_modules\next\dist\compiled\next-server\app-page.runtime.dev.js:35:11242
    at aw (C:\Users\kisho\WorkSpace\Local-Service-Marketplace\frontend\node_modules\.pnpm\next@14.1.0_@babel+core@7.2_6
5e8f102da6c0774eb4814b9bce337c8\node_modules\next\dist\compiled\next-server\app-page.runtime.dev.js:35:13009)
    at ak (C:\Users\kisho\WorkSpace\Local-Service-Marketplace\frontend\node_modules\.pnpm\next@14.1.0_@babel+core@7.2_6
5e8f102da6c0774eb4814b9bce337c8\node_modules\next\dist\compiled\next-server\app-page.runtime.dev.js:35:46552)
    at av (C:\Users\kisho\WorkSpace\Local-Service-Marketplace\frontend\node_modules\.pnpm\next@14.1.0_@babel+core@7.2_6
5e8f102da6c0774eb4814b9bce337c8\node_modules\next\dist\compiled\next-server\app-page.runtime.dev.js:35:7809)
    at C:\Users\kisho\WorkSpace\Local-Service-Marketplace\frontend\node_modules\.pnpm\next@14.1.0_@babel+core@7.2_65e8f
102da6c0774eb4814b9bce337c8\node_modules\next\dist\compiled\next-server\app-page.runtime.dev.js:35:12972
    at aw (C:\Users\kisho\WorkSpace\Local-Service-Marketplace\frontend\node_modules\.pnpm\next@14.1.0_@babel+core@7.2_6
5e8f102da6c0774eb4814b9bce337c8\node_modules\next\dist\compiled\next-server\app-page.runtime.dev.js:35:13009)

Error occurred prerendering page "/help". Read more: https://nextjs.org/docs/messages/prerender-error

TypeError: Cannot read properties of null (reading 'useContext')
    at t.useContext (C:\Users\kisho\WorkSpace\Local-Service-Marketplace\frontend\node_modules\.pnpm\next@14.1.0_@babel+
core@7.2_65e8f102da6c0774eb4814b9bce337c8\node_modules\next\dist\compiled\next-server\app-page.runtime.prod.js:12:10889
8)
    at x (C:\Users\kisho\WorkSpace\Local-Service-Marketplace\frontend\.next\server\chunks\9273.js:126:43645)
    at f (C:\Users\kisho\WorkSpace\Local-Service-Marketplace\frontend\.next\server\chunks\9273.js:126:34774)
    at as (C:\Users\kisho\WorkSpace\Local-Service-Marketplace\frontend\node_modules\.pnpm\next@14.1.0_@babel+core@7.2_6
5e8f102da6c0774eb4814b9bce337c8\node_modules\next\dist\compiled\next-server\app-page.runtime.dev.js:35:6391)
    at C:\Users\kisho\WorkSpace\Local-Service-Marketplace\frontend\node_modules\.pnpm\next@14.1.0_@babel+core@7.2_65e8f
102da6c0774eb4814b9bce337c8\node_modules\next\dist\compiled\next-server\app-page.runtime.dev.js:35:11242
    at aw (C:\Users\kisho\WorkSpace\Local-Service-Marketplace\frontend\node_modules\.pnpm\next@14.1.0_@babel+core@7.2_6
5e8f102da6c0774eb4814b9bce337c8\node_modules\next\dist\compiled\next-server\app-page.runtime.dev.js:35:13009)
    at ak (C:\Users\kisho\WorkSpace\Local-Service-Marketplace\frontend\node_modules\.pnpm\next@14.1.0_@babel+core@7.2_6
5e8f102da6c0774eb4814b9bce337c8\node_modules\next\dist\compiled\next-server\app-page.runtime.dev.js:35:46552)
    at av (C:\Users\kisho\WorkSpace\Local-Service-Marketplace\frontend\node_modules\.pnpm\next@14.1.0_@babel+core@7.2_6
5e8f102da6c0774eb4814b9bce337c8\node_modules\next\dist\compiled\next-server\app-page.runtime.dev.js:35:7809)
    at C:\Users\kisho\WorkSpace\Local-Service-Marketplace\frontend\node_modules\.pnpm\next@14.1.0_@babel+core@7.2_65e8f
102da6c0774eb4814b9bce337c8\node_modules\next\dist\compiled\next-server\app-page.runtime.dev.js:35:12972
    at aw (C:\Users\kisho\WorkSpace\Local-Service-Marketplace\frontend\node_modules\.pnpm\next@14.1.0_@babel+core@7.2_6
5e8f102da6c0774eb4814b9bce337c8\node_modules\next\dist\compiled\next-server\app-page.runtime.dev.js:35:13009)
 Γ¿» TypeError: Cannot read properties of null (reading 'useContext')
    at x (C:\Users\kisho\WorkSpace\Local-Service-Marketplace\frontend\.next\server\chunks\9273.js:126:43645)
    at f (C:\Users\kisho\WorkSpace\Local-Service-Marketplace\frontend\.next\server\chunks\9273.js:126:34774)
TypeError: Cannot read properties of null (reading 'useContext')
    at t.useContext (C:\Users\kisho\WorkSpace\Local-Service-Marketplace\frontend\node_modules\.pnpm\next@14.1.0_@babel+
core@7.2_65e8f102da6c0774eb4814b9bce337c8\node_modules\next\dist\compiled\next-server\app-page.runtime.prod.js:12:10889
8)
    at x (C:\Users\kisho\WorkSpace\Local-Service-Marketplace\frontend\.next\server\chunks\9273.js:126:43645)
    at f (C:\Users\kisho\WorkSpace\Local-Service-Marketplace\frontend\.next\server\chunks\9273.js:126:34774)
    at as (C:\Users\kisho\WorkSpace\Local-Service-Marketplace\frontend\node_modules\.pnpm\next@14.1.0_@babel+core@7.2_6
5e8f102da6c0774eb4814b9bce337c8\node_modules\next\dist\compiled\next-server\app-page.runtime.dev.js:35:6391)
    at C:\Users\kisho\WorkSpace\Local-Service-Marketplace\frontend\node_modules\.pnpm\next@14.1.0_@babel+core@7.2_65e8f
102da6c0774eb4814b9bce337c8\node_modules\next\dist\compiled\next-server\app-page.runtime.dev.js:35:11242
    at aw (C:\Users\kisho\WorkSpace\Local-Service-Marketplace\frontend\node_modules\.pnpm\next@14.1.0_@babel+core@7.2_6
5e8f102da6c0774eb4814b9bce337c8\node_modules\next\dist\compiled\next-server\app-page.runtime.dev.js:35:13009)
    at ak (C:\Users\kisho\WorkSpace\Local-Service-Marketplace\frontend\node_modules\.pnpm\next@14.1.0_@babel+core@7.2_6
5e8f102da6c0774eb4814b9bce337c8\node_modules\next\dist\compiled\next-server\app-page.runtime.dev.js:35:46552)
    at av (C:\Users\kisho\WorkSpace\Local-Service-Marketplace\frontend\node_modules\.pnpm\next@14.1.0_@babel+core@7.2_6
5e8f102da6c0774eb4814b9bce337c8\node_modules\next\dist\compiled\next-server\app-page.runtime.dev.js:35:7809)
    at C:\Users\kisho\WorkSpace\Local-Service-Marketplace\frontend\node_modules\.pnpm\next@14.1.0_@babel+core@7.2_65e8f
102da6c0774eb4814b9bce337c8\node_modules\next\dist\compiled\next-server\app-page.runtime.dev.js:35:12972
    at aw (C:\Users\kisho\WorkSpace\Local-Service-Marketplace\frontend\node_modules\.pnpm\next@14.1.0_@babel+core@7.2_6
5e8f102da6c0774eb4814b9bce337c8\node_modules\next\dist\compiled\next-server\app-page.runtime.dev.js:35:13009)

Error occurred prerendering page "/terms". Read more: https://nextjs.org/docs/messages/prerender-error

TypeError: Cannot read properties of null (reading 'useContext')
    at t.useContext (C:\Users\kisho\WorkSpace\Local-Service-Marketplace\frontend\node_modules\.pnpm\next@14.1.0_@babel+
core@7.2_65e8f102da6c0774eb4814b9bce337c8\node_modules\next\dist\compiled\next-server\app-page.runtime.prod.js:12:10889
8)
    at x (C:\Users\kisho\WorkSpace\Local-Service-Marketplace\frontend\.next\server\chunks\9273.js:126:43645)
    at f (C:\Users\kisho\WorkSpace\Local-Service-Marketplace\frontend\.next\server\chunks\9273.js:126:34774)
    at as (C:\Users\kisho\WorkSpace\Local-Service-Marketplace\frontend\node_modules\.pnpm\next@14.1.0_@babel+core@7.2_6
5e8f102da6c0774eb4814b9bce337c8\node_modules\next\dist\compiled\next-server\app-page.runtime.dev.js:35:6391)
    at C:\Users\kisho\WorkSpace\Local-Service-Marketplace\frontend\node_modules\.pnpm\next@14.1.0_@babel+core@7.2_65e8f
102da6c0774eb4814b9bce337c8\node_modules\next\dist\compiled\next-server\app-page.runtime.dev.js:35:11242
    at aw (C:\Users\kisho\WorkSpace\Local-Service-Marketplace\frontend\node_modules\.pnpm\next@14.1.0_@babel+core@7.2_6
5e8f102da6c0774eb4814b9bce337c8\node_modules\next\dist\compiled\next-server\app-page.runtime.dev.js:35:13009)
    at ak (C:\Users\kisho\WorkSpace\Local-Service-Marketplace\frontend\node_modules\.pnpm\next@14.1.0_@babel+core@7.2_6
5e8f102da6c0774eb4814b9bce337c8\node_modules\next\dist\compiled\next-server\app-page.runtime.dev.js:35:46552)
    at av (C:\Users\kisho\WorkSpace\Local-Service-Marketplace\frontend\node_modules\.pnpm\next@14.1.0_@babel+core@7.2_6
5e8f102da6c0774eb4814b9bce337c8\node_modules\next\dist\compiled\next-server\app-page.runtime.dev.js:35:7809)
    at C:\Users\kisho\WorkSpace\Local-Service-Marketplace\frontend\node_modules\.pnpm\next@14.1.0_@babel+core@7.2_65e8f
102da6c0774eb4814b9bce337c8\node_modules\next\dist\compiled\next-server\app-page.runtime.dev.js:35:12972
    at aw (C:\Users\kisho\WorkSpace\Local-Service-Marketplace\frontend\node_modules\.pnpm\next@14.1.0_@babel+core@7.2_6
5e8f102da6c0774eb4814b9bce337c8\node_modules\next\dist\compiled\next-server\app-page.runtime.dev.js:35:13009)
 Γ¿» TypeError: Cannot read properties of null (reading 'useContext')
    at x (C:\Users\kisho\WorkSpace\Local-Service-Marketplace\frontend\.next\server\chunks\9273.js:126:43645)
    at f (C:\Users\kisho\WorkSpace\Local-Service-Marketplace\frontend\.next\server\chunks\9273.js:126:34774)
TypeError: Cannot read properties of null (reading 'useContext')
    at t.useContext (C:\Users\kisho\WorkSpace\Local-Service-Marketplace\frontend\node_modules\.pnpm\next@14.1.0_@babel+
core@7.2_65e8f102da6c0774eb4814b9bce337c8\node_modules\next\dist\compiled\next-server\app-page.runtime.prod.js:12:10889
8)
    at x (C:\Users\kisho\WorkSpace\Local-Service-Marketplace\frontend\.next\server\chunks\9273.js:126:43645)
    at f (C:\Users\kisho\WorkSpace\Local-Service-Marketplace\frontend\.next\server\chunks\9273.js:126:34774)
    at as (C:\Users\kisho\WorkSpace\Local-Service-Marketplace\frontend\node_modules\.pnpm\next@14.1.0_@babel+core@7.2_6
5e8f102da6c0774eb4814b9bce337c8\node_modules\next\dist\compiled\next-server\app-page.runtime.dev.js:35:6391)
    at C:\Users\kisho\WorkSpace\Local-Service-Marketplace\frontend\node_modules\.pnpm\next@14.1.0_@babel+core@7.2_65e8f
102da6c0774eb4814b9bce337c8\node_modules\next\dist\compiled\next-server\app-page.runtime.dev.js:35:11242
    at aw (C:\Users\kisho\WorkSpace\Local-Service-Marketplace\frontend\node_modules\.pnpm\next@14.1.0_@babel+core@7.2_6
5e8f102da6c0774eb4814b9bce337c8\node_modules\next\dist\compiled\next-server\app-page.runtime.dev.js:35:13009)
    at ak (C:\Users\kisho\WorkSpace\Local-Service-Marketplace\frontend\node_modules\.pnpm\next@14.1.0_@babel+core@7.2_6
5e8f102da6c0774eb4814b9bce337c8\node_modules\next\dist\compiled\next-server\app-page.runtime.dev.js:35:46552)
    at av (C:\Users\kisho\WorkSpace\Local-Service-Marketplace\frontend\node_modules\.pnpm\next@14.1.0_@babel+core@7.2_6
5e8f102da6c0774eb4814b9bce337c8\node_modules\next\dist\compiled\next-server\app-page.runtime.dev.js:35:7809)
    at C:\Users\kisho\WorkSpace\Local-Service-Marketplace\frontend\node_modules\.pnpm\next@14.1.0_@babel+core@7.2_65e8f
102da6c0774eb4814b9bce337c8\node_modules\next\dist\compiled\next-server\app-page.runtime.dev.js:35:12972
    at aw (C:\Users\kisho\WorkSpace\Local-Service-Marketplace\frontend\node_modules\.pnpm\next@14.1.0_@babel+core@7.2_6
5e8f102da6c0774eb4814b9bce337c8\node_modules\next\dist\compiled\next-server\app-page.runtime.dev.js:35:13009)

Error occurred prerendering page "/privacy". Read more: https://nextjs.org/docs/messages/prerender-error

TypeError: Cannot read properties of null (reading 'useContext')
    at t.useContext (C:\Users\kisho\WorkSpace\Local-Service-Marketplace\frontend\node_modules\.pnpm\next@14.1.0_@babel+
core@7.2_65e8f102da6c0774eb4814b9bce337c8\node_modules\next\dist\compiled\next-server\app-page.runtime.prod.js:12:10889
8)
    at x (C:\Users\kisho\WorkSpace\Local-Service-Marketplace\frontend\.next\server\chunks\9273.js:126:43645)
    at f (C:\Users\kisho\WorkSpace\Local-Service-Marketplace\frontend\.next\server\chunks\9273.js:126:34774)
    at as (C:\Users\kisho\WorkSpace\Local-Service-Marketplace\frontend\node_modules\.pnpm\next@14.1.0_@babel+core@7.2_6
5e8f102da6c0774eb4814b9bce337c8\node_modules\next\dist\compiled\next-server\app-page.runtime.dev.js:35:6391)
    at C:\Users\kisho\WorkSpace\Local-Service-Marketplace\frontend\node_modules\.pnpm\next@14.1.0_@babel+core@7.2_65e8f
102da6c0774eb4814b9bce337c8\node_modules\next\dist\compiled\next-server\app-page.runtime.dev.js:35:11242
    at aw (C:\Users\kisho\WorkSpace\Local-Service-Marketplace\frontend\node_modules\.pnpm\next@14.1.0_@babel+core@7.2_6
5e8f102da6c0774eb4814b9bce337c8\node_modules\next\dist\compiled\next-server\app-page.runtime.dev.js:35:13009)
    at ak (C:\Users\kisho\WorkSpace\Local-Service-Marketplace\frontend\node_modules\.pnpm\next@14.1.0_@babel+core@7.2_6
5e8f102da6c0774eb4814b9bce337c8\node_modules\next\dist\compiled\next-server\app-page.runtime.dev.js:35:46552)
    at av (C:\Users\kisho\WorkSpace\Local-Service-Marketplace\frontend\node_modules\.pnpm\next@14.1.0_@babel+core@7.2_6
5e8f102da6c0774eb4814b9bce337c8\node_modules\next\dist\compiled\next-server\app-page.runtime.dev.js:35:7809)
    at C:\Users\kisho\WorkSpace\Local-Service-Marketplace\frontend\node_modules\.pnpm\next@14.1.0_@babel+core@7.2_65e8f
102da6c0774eb4814b9bce337c8\node_modules\next\dist\compiled\next-server\app-page.runtime.dev.js:35:12972
    at aw (C:\Users\kisho\WorkSpace\Local-Service-Marketplace\frontend\node_modules\.pnpm\next@14.1.0_@babel+core@7.2_6
5e8f102da6c0774eb4814b9bce337c8\node_modules\next\dist\compiled\next-server\app-page.runtime.dev.js:35:13009)
 Γ¿» TypeError: Cannot read properties of null (reading 'useContext')
    at x (C:\Users\kisho\WorkSpace\Local-Service-Marketplace\frontend\.next\server\chunks\9273.js:126:43645)
    at f (C:\Users\kisho\WorkSpace\Local-Service-Marketplace\frontend\.next\server\chunks\9273.js:126:34774)
TypeError: Cannot read properties of null (reading 'useContext')
    at t.useContext (C:\Users\kisho\WorkSpace\Local-Service-Marketplace\frontend\node_modules\.pnpm\next@14.1.0_@babel+
core@7.2_65e8f102da6c0774eb4814b9bce337c8\node_modules\next\dist\compiled\next-server\app-page.runtime.prod.js:12:10889
8)
    at x (C:\Users\kisho\WorkSpace\Local-Service-Marketplace\frontend\.next\server\chunks\9273.js:126:43645)
    at f (C:\Users\kisho\WorkSpace\Local-Service-Marketplace\frontend\.next\server\chunks\9273.js:126:34774)
    at as (C:\Users\kisho\WorkSpace\Local-Service-Marketplace\frontend\node_modules\.pnpm\next@14.1.0_@babel+core@7.2_6
5e8f102da6c0774eb4814b9bce337c8\node_modules\next\dist\compiled\next-server\app-page.runtime.dev.js:35:6391)
    at C:\Users\kisho\WorkSpace\Local-Service-Marketplace\frontend\node_modules\.pnpm\next@14.1.0_@babel+core@7.2_65e8f
102da6c0774eb4814b9bce337c8\node_modules\next\dist\compiled\next-server\app-page.runtime.dev.js:35:11242
    at aw (C:\Users\kisho\WorkSpace\Local-Service-Marketplace\frontend\node_modules\.pnpm\next@14.1.0_@babel+core@7.2_6
5e8f102da6c0774eb4814b9bce337c8\node_modules\next\dist\compiled\next-server\app-page.runtime.dev.js:35:13009)
    at ak (C:\Users\kisho\WorkSpace\Local-Service-Marketplace\frontend\node_modules\.pnpm\next@14.1.0_@babel+core@7.2_6
5e8f102da6c0774eb4814b9bce337c8\node_modules\next\dist\compiled\next-server\app-page.runtime.dev.js:35:46552)
    at av (C:\Users\kisho\WorkSpace\Local-Service-Marketplace\frontend\node_modules\.pnpm\next@14.1.0_@babel+core@7.2_6
5e8f102da6c0774eb4814b9bce337c8\node_modules\next\dist\compiled\next-server\app-page.runtime.dev.js:35:7809)
    at C:\Users\kisho\WorkSpace\Local-Service-Marketplace\frontend\node_modules\.pnpm\next@14.1.0_@babel+core@7.2_65e8f
102da6c0774eb4814b9bce337c8\node_modules\next\dist\compiled\next-server\app-page.runtime.dev.js:35:12972
    at aw (C:\Users\kisho\WorkSpace\Local-Service-Marketplace\frontend\node_modules\.pnpm\next@14.1.0_@babel+core@7.2_6
5e8f102da6c0774eb4814b9bce337c8\node_modules\next\dist\compiled\next-server\app-page.runtime.dev.js:35:13009)

Error occurred prerendering page "/login". Read more: https://nextjs.org/docs/messages/prerender-error

TypeError: Cannot read properties of null (reading 'useContext')
    at t.useContext (C:\Users\kisho\WorkSpace\Local-Service-Marketplace\frontend\node_modules\.pnpm\next@14.1.0_@babel+
core@7.2_65e8f102da6c0774eb4814b9bce337c8\node_modules\next\dist\compiled\next-server\app-page.runtime.prod.js:12:10889
8)
    at x (C:\Users\kisho\WorkSpace\Local-Service-Marketplace\frontend\.next\server\chunks\9273.js:126:43645)
    at f (C:\Users\kisho\WorkSpace\Local-Service-Marketplace\frontend\.next\server\chunks\9273.js:126:34774)
    at as (C:\Users\kisho\WorkSpace\Local-Service-Marketplace\frontend\node_modules\.pnpm\next@14.1.0_@babel+core@7.2_6
5e8f102da6c0774eb4814b9bce337c8\node_modules\next\dist\compiled\next-server\app-page.runtime.dev.js:35:6391)
    at C:\Users\kisho\WorkSpace\Local-Service-Marketplace\frontend\node_modules\.pnpm\next@14.1.0_@babel+core@7.2_65e8f
102da6c0774eb4814b9bce337c8\node_modules\next\dist\compiled\next-server\app-page.runtime.dev.js:35:11242
    at aw (C:\Users\kisho\WorkSpace\Local-Service-Marketplace\frontend\node_modules\.pnpm\next@14.1.0_@babel+core@7.2_6
5e8f102da6c0774eb4814b9bce337c8\node_modules\next\dist\compiled\next-server\app-page.runtime.dev.js:35:13009)
    at ak (C:\Users\kisho\WorkSpace\Local-Service-Marketplace\frontend\node_modules\.pnpm\next@14.1.0_@babel+core@7.2_6
5e8f102da6c0774eb4814b9bce337c8\node_modules\next\dist\compiled\next-server\app-page.runtime.dev.js:35:46552)
    at av (C:\Users\kisho\WorkSpace\Local-Service-Marketplace\frontend\node_modules\.pnpm\next@14.1.0_@babel+core@7.2_6
5e8f102da6c0774eb4814b9bce337c8\node_modules\next\dist\compiled\next-server\app-page.runtime.dev.js:35:7809)
    at C:\Users\kisho\WorkSpace\Local-Service-Marketplace\frontend\node_modules\.pnpm\next@14.1.0_@babel+core@7.2_65e8f
102da6c0774eb4814b9bce337c8\node_modules\next\dist\compiled\next-server\app-page.runtime.dev.js:35:12972
    at aw (C:\Users\kisho\WorkSpace\Local-Service-Marketplace\frontend\node_modules\.pnpm\next@14.1.0_@babel+core@7.2_6
5e8f102da6c0774eb4814b9bce337c8\node_modules\next\dist\compiled\next-server\app-page.runtime.dev.js:35:13009)
 Γ¿» TypeError: Cannot read properties of null (reading 'useContext')
    at x (C:\Users\kisho\WorkSpace\Local-Service-Marketplace\frontend\.next\server\chunks\9273.js:126:43645)
    at f (C:\Users\kisho\WorkSpace\Local-Service-Marketplace\frontend\.next\server\chunks\9273.js:126:34774)
TypeError: Cannot read properties of null (reading 'useContext')
    at t.useContext (C:\Users\kisho\WorkSpace\Local-Service-Marketplace\frontend\node_modules\.pnpm\next@14.1.0_@babel+
core@7.2_65e8f102da6c0774eb4814b9bce337c8\node_modules\next\dist\compiled\next-server\app-page.runtime.prod.js:12:10889
8)
    at x (C:\Users\kisho\WorkSpace\Local-Service-Marketplace\frontend\.next\server\chunks\9273.js:126:43645)
    at f (C:\Users\kisho\WorkSpace\Local-Service-Marketplace\frontend\.next\server\chunks\9273.js:126:34774)
    at as (C:\Users\kisho\WorkSpace\Local-Service-Marketplace\frontend\node_modules\.pnpm\next@14.1.0_@babel+core@7.2_6
5e8f102da6c0774eb4814b9bce337c8\node_modules\next\dist\compiled\next-server\app-page.runtime.dev.js:35:6391)
    at C:\Users\kisho\WorkSpace\Local-Service-Marketplace\frontend\node_modules\.pnpm\next@14.1.0_@babel+core@7.2_65e8f
102da6c0774eb4814b9bce337c8\node_modules\next\dist\compiled\next-server\app-page.runtime.dev.js:35:11242
    at aw (C:\Users\kisho\WorkSpace\Local-Service-Marketplace\frontend\node_modules\.pnpm\next@14.1.0_@babel+core@7.2_6
5e8f102da6c0774eb4814b9bce337c8\node_modules\next\dist\compiled\next-server\app-page.runtime.dev.js:35:13009)
    at ak (C:\Users\kisho\WorkSpace\Local-Service-Marketplace\frontend\node_modules\.pnpm\next@14.1.0_@babel+core@7.2_6
5e8f102da6c0774eb4814b9bce337c8\node_modules\next\dist\compiled\next-server\app-page.runtime.dev.js:35:46552)
    at av (C:\Users\kisho\WorkSpace\Local-Service-Marketplace\frontend\node_modules\.pnpm\next@14.1.0_@babel+core@7.2_6
5e8f102da6c0774eb4814b9bce337c8\node_modules\next\dist\compiled\next-server\app-page.runtime.dev.js:35:7809)
    at C:\Users\kisho\WorkSpace\Local-Service-Marketplace\frontend\node_modules\.pnpm\next@14.1.0_@babel+core@7.2_65e8f
102da6c0774eb4814b9bce337c8\node_modules\next\dist\compiled\next-server\app-page.runtime.dev.js:35:12972
    at aw (C:\Users\kisho\WorkSpace\Local-Service-Marketplace\frontend\node_modules\.pnpm\next@14.1.0_@babel+core@7.2_6
5e8f102da6c0774eb4814b9bce337c8\node_modules\next\dist\compiled\next-server\app-page.runtime.dev.js:35:13009)

Error occurred prerendering page "/search". Read more: https://nextjs.org/docs/messages/prerender-error

TypeError: Cannot read properties of null (reading 'useContext')
    at t.useContext (C:\Users\kisho\WorkSpace\Local-Service-Marketplace\frontend\node_modules\.pnpm\next@14.1.0_@babel+
core@7.2_65e8f102da6c0774eb4814b9bce337c8\node_modules\next\dist\compiled\next-server\app-page.runtime.prod.js:12:10889
8)
    at x (C:\Users\kisho\WorkSpace\Local-Service-Marketplace\frontend\.next\server\chunks\9273.js:126:43645)
    at f (C:\Users\kisho\WorkSpace\Local-Service-Marketplace\frontend\.next\server\chunks\9273.js:126:34774)
    at as (C:\Users\kisho\WorkSpace\Local-Service-Marketplace\frontend\node_modules\.pnpm\next@14.1.0_@babel+core@7.2_6
5e8f102da6c0774eb4814b9bce337c8\node_modules\next\dist\compiled\next-server\app-page.runtime.dev.js:35:6391)
    at C:\Users\kisho\WorkSpace\Local-Service-Marketplace\frontend\node_modules\.pnpm\next@14.1.0_@babel+core@7.2_65e8f
102da6c0774eb4814b9bce337c8\node_modules\next\dist\compiled\next-server\app-page.runtime.dev.js:35:11242
    at aw (C:\Users\kisho\WorkSpace\Local-Service-Marketplace\frontend\node_modules\.pnpm\next@14.1.0_@babel+core@7.2_6
5e8f102da6c0774eb4814b9bce337c8\node_modules\next\dist\compiled\next-server\app-page.runtime.dev.js:35:13009)
    at ak (C:\Users\kisho\WorkSpace\Local-Service-Marketplace\frontend\node_modules\.pnpm\next@14.1.0_@babel+core@7.2_6
5e8f102da6c0774eb4814b9bce337c8\node_modules\next\dist\compiled\next-server\app-page.runtime.dev.js:35:46552)
    at av (C:\Users\kisho\WorkSpace\Local-Service-Marketplace\frontend\node_modules\.pnpm\next@14.1.0_@babel+core@7.2_6
5e8f102da6c0774eb4814b9bce337c8\node_modules\next\dist\compiled\next-server\app-page.runtime.dev.js:35:7809)
    at C:\Users\kisho\WorkSpace\Local-Service-Marketplace\frontend\node_modules\.pnpm\next@14.1.0_@babel+core@7.2_65e8f
102da6c0774eb4814b9bce337c8\node_modules\next\dist\compiled\next-server\app-page.runtime.dev.js:35:12972
    at aw (C:\Users\kisho\WorkSpace\Local-Service-Marketplace\frontend\node_modules\.pnpm\next@14.1.0_@babel+core@7.2_6
5e8f102da6c0774eb4814b9bce337c8\node_modules\next\dist\compiled\next-server\app-page.runtime.dev.js:35:13009)
 Γ¿» TypeError: Cannot read properties of null (reading 'useContext')
    at x (C:\Users\kisho\WorkSpace\Local-Service-Marketplace\frontend\.next\server\chunks\9273.js:126:43645)
    at f (C:\Users\kisho\WorkSpace\Local-Service-Marketplace\frontend\.next\server\chunks\9273.js:126:34774)
TypeError: Cannot read properties of null (reading 'useContext')
    at t.useContext (C:\Users\kisho\WorkSpace\Local-Service-Marketplace\frontend\node_modules\.pnpm\next@14.1.0_@babel+
core@7.2_65e8f102da6c0774eb4814b9bce337c8\node_modules\next\dist\compiled\next-server\app-page.runtime.prod.js:12:10889
8)
    at x (C:\Users\kisho\WorkSpace\Local-Service-Marketplace\frontend\.next\server\chunks\9273.js:126:43645)
    at f (C:\Users\kisho\WorkSpace\Local-Service-Marketplace\frontend\.next\server\chunks\9273.js:126:34774)
    at as (C:\Users\kisho\WorkSpace\Local-Service-Marketplace\frontend\node_modules\.pnpm\next@14.1.0_@babel+core@7.2_6
5e8f102da6c0774eb4814b9bce337c8\node_modules\next\dist\compiled\next-server\app-page.runtime.dev.js:35:6391)
    at C:\Users\kisho\WorkSpace\Local-Service-Marketplace\frontend\node_modules\.pnpm\next@14.1.0_@babel+core@7.2_65e8f
102da6c0774eb4814b9bce337c8\node_modules\next\dist\compiled\next-server\app-page.runtime.dev.js:35:11242
    at aw (C:\Users\kisho\WorkSpace\Local-Service-Marketplace\frontend\node_modules\.pnpm\next@14.1.0_@babel+core@7.2_6
5e8f102da6c0774eb4814b9bce337c8\node_modules\next\dist\compiled\next-server\app-page.runtime.dev.js:35:13009)
    at ak (C:\Users\kisho\WorkSpace\Local-Service-Marketplace\frontend\node_modules\.pnpm\next@14.1.0_@babel+core@7.2_6
5e8f102da6c0774eb4814b9bce337c8\node_modules\next\dist\compiled\next-server\app-page.runtime.dev.js:35:46552)
    at av (C:\Users\kisho\WorkSpace\Local-Service-Marketplace\frontend\node_modules\.pnpm\next@14.1.0_@babel+core@7.2_6
5e8f102da6c0774eb4814b9bce337c8\node_modules\next\dist\compiled\next-server\app-page.runtime.dev.js:35:7809)
    at C:\Users\kisho\WorkSpace\Local-Service-Marketplace\frontend\node_modules\.pnpm\next@14.1.0_@babel+core@7.2_65e8f
102da6c0774eb4814b9bce337c8\node_modules\next\dist\compiled\next-server\app-page.runtime.dev.js:35:12972
    at aw (C:\Users\kisho\WorkSpace\Local-Service-Marketplace\frontend\node_modules\.pnpm\next@14.1.0_@babel+core@7.2_6
5e8f102da6c0774eb4814b9bce337c8\node_modules\next\dist\compiled\next-server\app-page.runtime.dev.js:35:13009)

Error occurred prerendering page "/". Read more: https://nextjs.org/docs/messages/prerender-error

TypeError: Cannot read properties of null (reading 'useContext')
    at t.useContext (C:\Users\kisho\WorkSpace\Local-Service-Marketplace\frontend\node_modules\.pnpm\next@14.1.0_@babel+
core@7.2_65e8f102da6c0774eb4814b9bce337c8\node_modules\next\dist\compiled\next-server\app-page.runtime.prod.js:12:10889
8)
    at x (C:\Users\kisho\WorkSpace\Local-Service-Marketplace\frontend\.next\server\chunks\9273.js:126:43645)
    at f (C:\Users\kisho\WorkSpace\Local-Service-Marketplace\frontend\.next\server\chunks\9273.js:126:34774)
    at as (C:\Users\kisho\WorkSpace\Local-Service-Marketplace\frontend\node_modules\.pnpm\next@14.1.0_@babel+core@7.2_6
5e8f102da6c0774eb4814b9bce337c8\node_modules\next\dist\compiled\next-server\app-page.runtime.dev.js:35:6391)
    at C:\Users\kisho\WorkSpace\Local-Service-Marketplace\frontend\node_modules\.pnpm\next@14.1.0_@babel+core@7.2_65e8f
102da6c0774eb4814b9bce337c8\node_modules\next\dist\compiled\next-server\app-page.runtime.dev.js:35:11242
    at aw (C:\Users\kisho\WorkSpace\Local-Service-Marketplace\frontend\node_modules\.pnpm\next@14.1.0_@babel+core@7.2_6
5e8f102da6c0774eb4814b9bce337c8\node_modules\next\dist\compiled\next-server\app-page.runtime.dev.js:35:13009)
    at ak (C:\Users\kisho\WorkSpace\Local-Service-Marketplace\frontend\node_modules\.pnpm\next@14.1.0_@babel+core@7.2_6
5e8f102da6c0774eb4814b9bce337c8\node_modules\next\dist\compiled\next-server\app-page.runtime.dev.js:35:46552)
    at av (C:\Users\kisho\WorkSpace\Local-Service-Marketplace\frontend\node_modules\.pnpm\next@14.1.0_@babel+core@7.2_6
5e8f102da6c0774eb4814b9bce337c8\node_modules\next\dist\compiled\next-server\app-page.runtime.dev.js:35:7809)
    at C:\Users\kisho\WorkSpace\Local-Service-Marketplace\frontend\node_modules\.pnpm\next@14.1.0_@babel+core@7.2_65e8f
102da6c0774eb4814b9bce337c8\node_modules\next\dist\compiled\next-server\app-page.runtime.dev.js:35:12972
    at aw (C:\Users\kisho\WorkSpace\Local-Service-Marketplace\frontend\node_modules\.pnpm\next@14.1.0_@babel+core@7.2_6
5e8f102da6c0774eb4814b9bce337c8\node_modules\next\dist\compiled\next-server\app-page.runtime.dev.js:35:13009)
 Γ¿» TypeError: Cannot read properties of null (reading 'useContext')
    at x (C:\Users\kisho\WorkSpace\Local-Service-Marketplace\frontend\.next\server\chunks\9273.js:126:43645)
    at f (C:\Users\kisho\WorkSpace\Local-Service-Marketplace\frontend\.next\server\chunks\9273.js:126:34774)
TypeError: Cannot read properties of null (reading 'useContext')
    at t.useContext (C:\Users\kisho\WorkSpace\Local-Service-Marketplace\frontend\node_modules\.pnpm\next@14.1.0_@babel+
core@7.2_65e8f102da6c0774eb4814b9bce337c8\node_modules\next\dist\compiled\next-server\app-page.runtime.prod.js:12:10889
8)
    at x (C:\Users\kisho\WorkSpace\Local-Service-Marketplace\frontend\.next\server\chunks\9273.js:126:43645)
    at f (C:\Users\kisho\WorkSpace\Local-Service-Marketplace\frontend\.next\server\chunks\9273.js:126:34774)
    at as (C:\Users\kisho\WorkSpace\Local-Service-Marketplace\frontend\node_modules\.pnpm\next@14.1.0_@babel+core@7.2_6
5e8f102da6c0774eb4814b9bce337c8\node_modules\next\dist\compiled\next-server\app-page.runtime.dev.js:35:6391)
    at C:\Users\kisho\WorkSpace\Local-Service-Marketplace\frontend\node_modules\.pnpm\next@14.1.0_@babel+core@7.2_65e8f
102da6c0774eb4814b9bce337c8\node_modules\next\dist\compiled\next-server\app-page.runtime.dev.js:35:11242
    at aw (C:\Users\kisho\WorkSpace\Local-Service-Marketplace\frontend\node_modules\.pnpm\next@14.1.0_@babel+core@7.2_6
5e8f102da6c0774eb4814b9bce337c8\node_modules\next\dist\compiled\next-server\app-page.runtime.dev.js:35:13009)
    at ak (C:\Users\kisho\WorkSpace\Local-Service-Marketplace\frontend\node_modules\.pnpm\next@14.1.0_@babel+core@7.2_6
5e8f102da6c0774eb4814b9bce337c8\node_modules\next\dist\compiled\next-server\app-page.runtime.dev.js:35:46552)
    at av (C:\Users\kisho\WorkSpace\Local-Service-Marketplace\frontend\node_modules\.pnpm\next@14.1.0_@babel+core@7.2_6
5e8f102da6c0774eb4814b9bce337c8\node_modules\next\dist\compiled\next-server\app-page.runtime.dev.js:35:7809)
    at C:\Users\kisho\WorkSpace\Local-Service-Marketplace\frontend\node_modules\.pnpm\next@14.1.0_@babel+core@7.2_65e8f
102da6c0774eb4814b9bce337c8\node_modules\next\dist\compiled\next-server\app-page.runtime.dev.js:35:12972
    at aw (C:\Users\kisho\WorkSpace\Local-Service-Marketplace\frontend\node_modules\.pnpm\next@14.1.0_@babel+core@7.2_6
5e8f102da6c0774eb4814b9bce337c8\node_modules\next\dist\compiled\next-server\app-page.runtime.dev.js:35:13009)

Error occurred prerendering page "/requests". Read more: https://nextjs.org/docs/messages/prerender-error

TypeError: Cannot read properties of null (reading 'useContext')
    at t.useContext (C:\Users\kisho\WorkSpace\Local-Service-Marketplace\frontend\node_modules\.pnpm\next@14.1.0_@babel+
core@7.2_65e8f102da6c0774eb4814b9bce337c8\node_modules\next\dist\compiled\next-server\app-page.runtime.prod.js:12:10889
8)
    at x (C:\Users\kisho\WorkSpace\Local-Service-Marketplace\frontend\.next\server\chunks\9273.js:126:43645)
    at f (C:\Users\kisho\WorkSpace\Local-Service-Marketplace\frontend\.next\server\chunks\9273.js:126:34774)
    at as (C:\Users\kisho\WorkSpace\Local-Service-Marketplace\frontend\node_modules\.pnpm\next@14.1.0_@babel+core@7.2_6
5e8f102da6c0774eb4814b9bce337c8\node_modules\next\dist\compiled\next-server\app-page.runtime.dev.js:35:6391)
    at C:\Users\kisho\WorkSpace\Local-Service-Marketplace\frontend\node_modules\.pnpm\next@14.1.0_@babel+core@7.2_65e8f
102da6c0774eb4814b9bce337c8\node_modules\next\dist\compiled\next-server\app-page.runtime.dev.js:35:11242
    at aw (C:\Users\kisho\WorkSpace\Local-Service-Marketplace\frontend\node_modules\.pnpm\next@14.1.0_@babel+core@7.2_6
5e8f102da6c0774eb4814b9bce337c8\node_modules\next\dist\compiled\next-server\app-page.runtime.dev.js:35:13009)
    at ak (C:\Users\kisho\WorkSpace\Local-Service-Marketplace\frontend\node_modules\.pnpm\next@14.1.0_@babel+core@7.2_6
5e8f102da6c0774eb4814b9bce337c8\node_modules\next\dist\compiled\next-server\app-page.runtime.dev.js:35:46552)
    at av (C:\Users\kisho\WorkSpace\Local-Service-Marketplace\frontend\node_modules\.pnpm\next@14.1.0_@babel+core@7.2_6
5e8f102da6c0774eb4814b9bce337c8\node_modules\next\dist\compiled\next-server\app-page.runtime.dev.js:35:7809)
    at C:\Users\kisho\WorkSpace\Local-Service-Marketplace\frontend\node_modules\.pnpm\next@14.1.0_@babel+core@7.2_65e8f
102da6c0774eb4814b9bce337c8\node_modules\next\dist\compiled\next-server\app-page.runtime.dev.js:35:12972
    at aw (C:\Users\kisho\WorkSpace\Local-Service-Marketplace\frontend\node_modules\.pnpm\next@14.1.0_@babel+core@7.2_6
5e8f102da6c0774eb4814b9bce337c8\node_modules\next\dist\compiled\next-server\app-page.runtime.dev.js:35:13009)
 Γ¿» TypeError: Cannot read properties of null (reading 'useContext')
    at x (C:\Users\kisho\WorkSpace\Local-Service-Marketplace\frontend\.next\server\chunks\9273.js:126:43645)
    at f (C:\Users\kisho\WorkSpace\Local-Service-Marketplace\frontend\.next\server\chunks\9273.js:126:34774)
TypeError: Cannot read properties of null (reading 'useContext')
    at t.useContext (C:\Users\kisho\WorkSpace\Local-Service-Marketplace\frontend\node_modules\.pnpm\next@14.1.0_@babel+
core@7.2_65e8f102da6c0774eb4814b9bce337c8\node_modules\next\dist\compiled\next-server\app-page.runtime.prod.js:12:10889
8)
    at x (C:\Users\kisho\WorkSpace\Local-Service-Marketplace\frontend\.next\server\chunks\9273.js:126:43645)
    at f (C:\Users\kisho\WorkSpace\Local-Service-Marketplace\frontend\.next\server\chunks\9273.js:126:34774)
    at as (C:\Users\kisho\WorkSpace\Local-Service-Marketplace\frontend\node_modules\.pnpm\next@14.1.0_@babel+core@7.2_6
5e8f102da6c0774eb4814b9bce337c8\node_modules\next\dist\compiled\next-server\app-page.runtime.dev.js:35:6391)
    at C:\Users\kisho\WorkSpace\Local-Service-Marketplace\frontend\node_modules\.pnpm\next@14.1.0_@babel+core@7.2_65e8f
102da6c0774eb4814b9bce337c8\node_modules\next\dist\compiled\next-server\app-page.runtime.dev.js:35:11242
    at aw (C:\Users\kisho\WorkSpace\Local-Service-Marketplace\frontend\node_modules\.pnpm\next@14.1.0_@babel+core@7.2_6
5e8f102da6c0774eb4814b9bce337c8\node_modules\next\dist\compiled\next-server\app-page.runtime.dev.js:35:13009)
    at ak (C:\Users\kisho\WorkSpace\Local-Service-Marketplace\frontend\node_modules\.pnpm\next@14.1.0_@babel+core@7.2_6
5e8f102da6c0774eb4814b9bce337c8\node_modules\next\dist\compiled\next-server\app-page.runtime.dev.js:35:46552)
    at av (C:\Users\kisho\WorkSpace\Local-Service-Marketplace\frontend\node_modules\.pnpm\next@14.1.0_@babel+core@7.2_6
5e8f102da6c0774eb4814b9bce337c8\node_modules\next\dist\compiled\next-server\app-page.runtime.dev.js:35:7809)
    at C:\Users\kisho\WorkSpace\Local-Service-Marketplace\frontend\node_modules\.pnpm\next@14.1.0_@babel+core@7.2_65e8f
102da6c0774eb4814b9bce337c8\node_modules\next\dist\compiled\next-server\app-page.runtime.dev.js:35:12972
    at aw (C:\Users\kisho\WorkSpace\Local-Service-Marketplace\frontend\node_modules\.pnpm\next@14.1.0_@babel+core@7.2_6
5e8f102da6c0774eb4814b9bce337c8\node_modules\next\dist\compiled\next-server\app-page.runtime.dev.js:35:13009)

Error occurred prerendering page "/providers". Read more: https://nextjs.org/docs/messages/prerender-error

TypeError: Cannot read properties of null (reading 'useContext')
    at t.useContext (C:\Users\kisho\WorkSpace\Local-Service-Marketplace\frontend\node_modules\.pnpm\next@14.1.0_@babel+
core@7.2_65e8f102da6c0774eb4814b9bce337c8\node_modules\next\dist\compiled\next-server\app-page.runtime.prod.js:12:10889
8)
    at x (C:\Users\kisho\WorkSpace\Local-Service-Marketplace\frontend\.next\server\chunks\9273.js:126:43645)
    at f (C:\Users\kisho\WorkSpace\Local-Service-Marketplace\frontend\.next\server\chunks\9273.js:126:34774)
    at as (C:\Users\kisho\WorkSpace\Local-Service-Marketplace\frontend\node_modules\.pnpm\next@14.1.0_@babel+core@7.2_6
5e8f102da6c0774eb4814b9bce337c8\node_modules\next\dist\compiled\next-server\app-page.runtime.dev.js:35:6391)
    at C:\Users\kisho\WorkSpace\Local-Service-Marketplace\frontend\node_modules\.pnpm\next@14.1.0_@babel+core@7.2_65e8f
102da6c0774eb4814b9bce337c8\node_modules\next\dist\compiled\next-server\app-page.runtime.dev.js:35:11242
    at aw (C:\Users\kisho\WorkSpace\Local-Service-Marketplace\frontend\node_modules\.pnpm\next@14.1.0_@babel+core@7.2_6
5e8f102da6c0774eb4814b9bce337c8\node_modules\next\dist\compiled\next-server\app-page.runtime.dev.js:35:13009)
    at ak (C:\Users\kisho\WorkSpace\Local-Service-Marketplace\frontend\node_modules\.pnpm\next@14.1.0_@babel+core@7.2_6
5e8f102da6c0774eb4814b9bce337c8\node_modules\next\dist\compiled\next-server\app-page.runtime.dev.js:35:46552)
    at av (C:\Users\kisho\WorkSpace\Local-Service-Marketplace\frontend\node_modules\.pnpm\next@14.1.0_@babel+core@7.2_6
5e8f102da6c0774eb4814b9bce337c8\node_modules\next\dist\compiled\next-server\app-page.runtime.dev.js:35:7809)
    at C:\Users\kisho\WorkSpace\Local-Service-Marketplace\frontend\node_modules\.pnpm\next@14.1.0_@babel+core@7.2_65e8f
102da6c0774eb4814b9bce337c8\node_modules\next\dist\compiled\next-server\app-page.runtime.dev.js:35:12972
    at aw (C:\Users\kisho\WorkSpace\Local-Service-Marketplace\frontend\node_modules\.pnpm\next@14.1.0_@babel+core@7.2_6
5e8f102da6c0774eb4814b9bce337c8\node_modules\next\dist\compiled\next-server\app-page.runtime.dev.js:35:13009)

 ΓÜá metadata.metadataBase is not set for resolving social open graph or twitter images, using 
"http://localhost:3000". See https://nextjs.org/docs/app/api-reference/functions/generate-metadata#metadatabase
 Γ¿» TypeError: Cannot read properties of null (reading 'useContext')
    at x (C:\Users\kisho\WorkSpace\Local-Service-Marketplace\frontend\.next\server\chunks\9273.js:126:43645)
    at f (C:\Users\kisho\WorkSpace\Local-Service-Marketplace\frontend\.next\server\chunks\9273.js:126:34774)
TypeError: Cannot read properties of null (reading 'useContext')
    at t.useContext (C:\Users\kisho\WorkSpace\Local-Service-Marketplace\frontend\node_modules\.pnpm\next@14.1.0_@babel+
core@7.2_65e8f102da6c0774eb4814b9bce337c8\node_modules\next\dist\compiled\next-server\app-page.runtime.prod.js:12:10889
8)
    at x (C:\Users\kisho\WorkSpace\Local-Service-Marketplace\frontend\.next\server\chunks\9273.js:126:43645)
    at f (C:\Users\kisho\WorkSpace\Local-Service-Marketplace\frontend\.next\server\chunks\9273.js:126:34774)
    at as (C:\Users\kisho\WorkSpace\Local-Service-Marketplace\frontend\node_modules\.pnpm\next@14.1.0_@babel+core@7.2_6
5e8f102da6c0774eb4814b9bce337c8\node_modules\next\dist\compiled\next-server\app-page.runtime.dev.js:35:6391)
    at C:\Users\kisho\WorkSpace\Local-Service-Marketplace\frontend\node_modules\.pnpm\next@14.1.0_@babel+core@7.2_65e8f
102da6c0774eb4814b9bce337c8\node_modules\next\dist\compiled\next-server\app-page.runtime.dev.js:35:11242
    at aw (C:\Users\kisho\WorkSpace\Local-Service-Marketplace\frontend\node_modules\.pnpm\next@14.1.0_@babel+core@7.2_6
5e8f102da6c0774eb4814b9bce337c8\node_modules\next\dist\compiled\next-server\app-page.runtime.dev.js:35:13009)
    at ak (C:\Users\kisho\WorkSpace\Local-Service-Marketplace\frontend\node_modules\.pnpm\next@14.1.0_@babel+core@7.2_6
5e8f102da6c0774eb4814b9bce337c8\node_modules\next\dist\compiled\next-server\app-page.runtime.dev.js:35:46552)
    at av (C:\Users\kisho\WorkSpace\Local-Service-Marketplace\frontend\node_modules\.pnpm\next@14.1.0_@babel+core@7.2_6
5e8f102da6c0774eb4814b9bce337c8\node_modules\next\dist\compiled\next-server\app-page.runtime.dev.js:35:7809)
    at C:\Users\kisho\WorkSpace\Local-Service-Marketplace\frontend\node_modules\.pnpm\next@14.1.0_@babel+core@7.2_65e8f
102da6c0774eb4814b9bce337c8\node_modules\next\dist\compiled\next-server\app-page.runtime.dev.js:35:12972
    at aw (C:\Users\kisho\WorkSpace\Local-Service-Marketplace\frontend\node_modules\.pnpm\next@14.1.0_@babel+core@7.2_6
5e8f102da6c0774eb4814b9bce337c8\node_modules\next\dist\compiled\next-server\app-page.runtime.dev.js:35:13009)

Error occurred prerendering page "/pricing". Read more: https://nextjs.org/docs/messages/prerender-error

TypeError: Cannot read properties of null (reading 'useContext')
    at t.useContext (C:\Users\kisho\WorkSpace\Local-Service-Marketplace\frontend\node_modules\.pnpm\next@14.1.0_@babel+
core@7.2_65e8f102da6c0774eb4814b9bce337c8\node_modules\next\dist\compiled\next-server\app-page.runtime.prod.js:12:10889
8)
    at x (C:\Users\kisho\WorkSpace\Local-Service-Marketplace\frontend\.next\server\chunks\9273.js:126:43645)
    at f (C:\Users\kisho\WorkSpace\Local-Service-Marketplace\frontend\.next\server\chunks\9273.js:126:34774)
    at as (C:\Users\kisho\WorkSpace\Local-Service-Marketplace\frontend\node_modules\.pnpm\next@14.1.0_@babel+core@7.2_6
5e8f102da6c0774eb4814b9bce337c8\node_modules\next\dist\compiled\next-server\app-page.runtime.dev.js:35:6391)
    at C:\Users\kisho\WorkSpace\Local-Service-Marketplace\frontend\node_modules\.pnpm\next@14.1.0_@babel+core@7.2_65e8f
102da6c0774eb4814b9bce337c8\node_modules\next\dist\compiled\next-server\app-page.runtime.dev.js:35:11242
    at aw (C:\Users\kisho\WorkSpace\Local-Service-Marketplace\frontend\node_modules\.pnpm\next@14.1.0_@babel+core@7.2_6
5e8f102da6c0774eb4814b9bce337c8\node_modules\next\dist\compiled\next-server\app-page.runtime.dev.js:35:13009)
    at ak (C:\Users\kisho\WorkSpace\Local-Service-Marketplace\frontend\node_modules\.pnpm\next@14.1.0_@babel+core@7.2_6
5e8f102da6c0774eb4814b9bce337c8\node_modules\next\dist\compiled\next-server\app-page.runtime.dev.js:35:46552)
    at av (C:\Users\kisho\WorkSpace\Local-Service-Marketplace\frontend\node_modules\.pnpm\next@14.1.0_@babel+core@7.2_6
5e8f102da6c0774eb4814b9bce337c8\node_modules\next\dist\compiled\next-server\app-page.runtime.dev.js:35:7809)
    at C:\Users\kisho\WorkSpace\Local-Service-Marketplace\frontend\node_modules\.pnpm\next@14.1.0_@babel+core@7.2_65e8f
102da6c0774eb4814b9bce337c8\node_modules\next\dist\compiled\next-server\app-page.runtime.dev.js:35:12972
    at aw (C:\Users\kisho\WorkSpace\Local-Service-Marketplace\frontend\node_modules\.pnpm\next@14.1.0_@babel+core@7.2_6
5e8f102da6c0774eb4814b9bce337c8\node_modules\next\dist\compiled\next-server\app-page.runtime.dev.js:35:13009)
 Γ¿» TypeError: Cannot read properties of null (reading 'useContext')
    at x (C:\Users\kisho\WorkSpace\Local-Service-Marketplace\frontend\.next\server\chunks\9273.js:126:43645)
    at f (C:\Users\kisho\WorkSpace\Local-Service-Marketplace\frontend\.next\server\chunks\9273.js:126:34774)
TypeError: Cannot read properties of null (reading 'useContext')
    at t.useContext (C:\Users\kisho\WorkSpace\Local-Service-Marketplace\frontend\node_modules\.pnpm\next@14.1.0_@babel+
core@7.2_65e8f102da6c0774eb4814b9bce337c8\node_modules\next\dist\compiled\next-server\app-page.runtime.prod.js:12:10889
8)
    at x (C:\Users\kisho\WorkSpace\Local-Service-Marketplace\frontend\.next\server\chunks\9273.js:126:43645)
    at f (C:\Users\kisho\WorkSpace\Local-Service-Marketplace\frontend\.next\server\chunks\9273.js:126:34774)
    at as (C:\Users\kisho\WorkSpace\Local-Service-Marketplace\frontend\node_modules\.pnpm\next@14.1.0_@babel+core@7.2_6
5e8f102da6c0774eb4814b9bce337c8\node_modules\next\dist\compiled\next-server\app-page.runtime.dev.js:35:6391)
    at C:\Users\kisho\WorkSpace\Local-Service-Marketplace\frontend\node_modules\.pnpm\next@14.1.0_@babel+core@7.2_65e8f
102da6c0774eb4814b9bce337c8\node_modules\next\dist\compiled\next-server\app-page.runtime.dev.js:35:11242
    at aw (C:\Users\kisho\WorkSpace\Local-Service-Marketplace\frontend\node_modules\.pnpm\next@14.1.0_@babel+core@7.2_6
5e8f102da6c0774eb4814b9bce337c8\node_modules\next\dist\compiled\next-server\app-page.runtime.dev.js:35:13009)
    at ak (C:\Users\kisho\WorkSpace\Local-Service-Marketplace\frontend\node_modules\.pnpm\next@14.1.0_@babel+core@7.2_6
5e8f102da6c0774eb4814b9bce337c8\node_modules\next\dist\compiled\next-server\app-page.runtime.dev.js:35:46552)
    at av (C:\Users\kisho\WorkSpace\Local-Service-Marketplace\frontend\node_modules\.pnpm\next@14.1.0_@babel+core@7.2_6
5e8f102da6c0774eb4814b9bce337c8\node_modules\next\dist\compiled\next-server\app-page.runtime.dev.js:35:7809)
    at C:\Users\kisho\WorkSpace\Local-Service-Marketplace\frontend\node_modules\.pnpm\next@14.1.0_@babel+core@7.2_65e8f
102da6c0774eb4814b9bce337c8\node_modules\next\dist\compiled\next-server\app-page.runtime.dev.js:35:12972
    at aw (C:\Users\kisho\WorkSpace\Local-Service-Marketplace\frontend\node_modules\.pnpm\next@14.1.0_@babel+core@7.2_6
5e8f102da6c0774eb4814b9bce337c8\node_modules\next\dist\compiled\next-server\app-page.runtime.dev.js:35:13009)

Error occurred prerendering page "/requests/create". Read more: https://nextjs.org/docs/messages/prerender-error

TypeError: Cannot read properties of null (reading 'useContext')
    at t.useContext (C:\Users\kisho\WorkSpace\Local-Service-Marketplace\frontend\node_modules\.pnpm\next@14.1.0_@babel+
core@7.2_65e8f102da6c0774eb4814b9bce337c8\node_modules\next\dist\compiled\next-server\app-page.runtime.prod.js:12:10889
8)
    at x (C:\Users\kisho\WorkSpace\Local-Service-Marketplace\frontend\.next\server\chunks\9273.js:126:43645)
    at f (C:\Users\kisho\WorkSpace\Local-Service-Marketplace\frontend\.next\server\chunks\9273.js:126:34774)
    at as (C:\Users\kisho\WorkSpace\Local-Service-Marketplace\frontend\node_modules\.pnpm\next@14.1.0_@babel+core@7.2_6
5e8f102da6c0774eb4814b9bce337c8\node_modules\next\dist\compiled\next-server\app-page.runtime.dev.js:35:6391)
    at C:\Users\kisho\WorkSpace\Local-Service-Marketplace\frontend\node_modules\.pnpm\next@14.1.0_@babel+core@7.2_65e8f
102da6c0774eb4814b9bce337c8\node_modules\next\dist\compiled\next-server\app-page.runtime.dev.js:35:11242
    at aw (C:\Users\kisho\WorkSpace\Local-Service-Marketplace\frontend\node_modules\.pnpm\next@14.1.0_@babel+core@7.2_6
5e8f102da6c0774eb4814b9bce337c8\node_modules\next\dist\compiled\next-server\app-page.runtime.dev.js:35:13009)
    at ak (C:\Users\kisho\WorkSpace\Local-Service-Marketplace\frontend\node_modules\.pnpm\next@14.1.0_@babel+core@7.2_6
5e8f102da6c0774eb4814b9bce337c8\node_modules\next\dist\compiled\next-server\app-page.runtime.dev.js:35:46552)
    at av (C:\Users\kisho\WorkSpace\Local-Service-Marketplace\frontend\node_modules\.pnpm\next@14.1.0_@babel+core@7.2_6
5e8f102da6c0774eb4814b9bce337c8\node_modules\next\dist\compiled\next-server\app-page.runtime.dev.js:35:7809)
    at C:\Users\kisho\WorkSpace\Local-Service-Marketplace\frontend\node_modules\.pnpm\next@14.1.0_@babel+core@7.2_65e8f
102da6c0774eb4814b9bce337c8\node_modules\next\dist\compiled\next-server\app-page.runtime.dev.js:35:12972
    at aw (C:\Users\kisho\WorkSpace\Local-Service-Marketplace\frontend\node_modules\.pnpm\next@14.1.0_@babel+core@7.2_6
5e8f102da6c0774eb4814b9bce337c8\node_modules\next\dist\compiled\next-server\app-page.runtime.dev.js:35:13009)
 Γ¿» TypeError: Cannot read properties of null (reading 'useContext')
    at x (C:\Users\kisho\WorkSpace\Local-Service-Marketplace\frontend\.next\server\chunks\9273.js:126:43645)
    at f (C:\Users\kisho\WorkSpace\Local-Service-Marketplace\frontend\.next\server\chunks\9273.js:126:34774)
TypeError: Cannot read properties of null (reading 'useContext')
    at t.useContext (C:\Users\kisho\WorkSpace\Local-Service-Marketplace\frontend\node_modules\.pnpm\next@14.1.0_@babel+
core@7.2_65e8f102da6c0774eb4814b9bce337c8\node_modules\next\dist\compiled\next-server\app-page.runtime.prod.js:12:10889
8)
    at x (C:\Users\kisho\WorkSpace\Local-Service-Marketplace\frontend\.next\server\chunks\9273.js:126:43645)
    at f (C:\Users\kisho\WorkSpace\Local-Service-Marketplace\frontend\.next\server\chunks\9273.js:126:34774)
    at as (C:\Users\kisho\WorkSpace\Local-Service-Marketplace\frontend\node_modules\.pnpm\next@14.1.0_@babel+core@7.2_6
5e8f102da6c0774eb4814b9bce337c8\node_modules\next\dist\compiled\next-server\app-page.runtime.dev.js:35:6391)
    at C:\Users\kisho\WorkSpace\Local-Service-Marketplace\frontend\node_modules\.pnpm\next@14.1.0_@babel+core@7.2_65e8f
102da6c0774eb4814b9bce337c8\node_modules\next\dist\compiled\next-server\app-page.runtime.dev.js:35:11242
    at aw (C:\Users\kisho\WorkSpace\Local-Service-Marketplace\frontend\node_modules\.pnpm\next@14.1.0_@babel+core@7.2_6
5e8f102da6c0774eb4814b9bce337c8\node_modules\next\dist\compiled\next-server\app-page.runtime.dev.js:35:13009)
    at ak (C:\Users\kisho\WorkSpace\Local-Service-Marketplace\frontend\node_modules\.pnpm\next@14.1.0_@babel+core@7.2_6
5e8f102da6c0774eb4814b9bce337c8\node_modules\next\dist\compiled\next-server\app-page.runtime.dev.js:35:46552)
    at av (C:\Users\kisho\WorkSpace\Local-Service-Marketplace\frontend\node_modules\.pnpm\next@14.1.0_@babel+core@7.2_6
5e8f102da6c0774eb4814b9bce337c8\node_modules\next\dist\compiled\next-server\app-page.runtime.dev.js:35:7809)
    at C:\Users\kisho\WorkSpace\Local-Service-Marketplace\frontend\node_modules\.pnpm\next@14.1.0_@babel+core@7.2_65e8f
102da6c0774eb4814b9bce337c8\node_modules\next\dist\compiled\next-server\app-page.runtime.dev.js:35:12972
    at aw (C:\Users\kisho\WorkSpace\Local-Service-Marketplace\frontend\node_modules\.pnpm\next@14.1.0_@babel+core@7.2_6
5e8f102da6c0774eb4814b9bce337c8\node_modules\next\dist\compiled\next-server\app-page.runtime.dev.js:35:13009)

Error occurred prerendering page "/unsubscribe". Read more: https://nextjs.org/docs/messages/prerender-error

TypeError: Cannot read properties of null (reading 'useContext')
    at t.useContext (C:\Users\kisho\WorkSpace\Local-Service-Marketplace\frontend\node_modules\.pnpm\next@14.1.0_@babel+
core@7.2_65e8f102da6c0774eb4814b9bce337c8\node_modules\next\dist\compiled\next-server\app-page.runtime.prod.js:12:10889
8)
    at x (C:\Users\kisho\WorkSpace\Local-Service-Marketplace\frontend\.next\server\chunks\9273.js:126:43645)
    at f (C:\Users\kisho\WorkSpace\Local-Service-Marketplace\frontend\.next\server\chunks\9273.js:126:34774)
    at as (C:\Users\kisho\WorkSpace\Local-Service-Marketplace\frontend\node_modules\.pnpm\next@14.1.0_@babel+core@7.2_6
5e8f102da6c0774eb4814b9bce337c8\node_modules\next\dist\compiled\next-server\app-page.runtime.dev.js:35:6391)
    at C:\Users\kisho\WorkSpace\Local-Service-Marketplace\frontend\node_modules\.pnpm\next@14.1.0_@babel+core@7.2_65e8f
102da6c0774eb4814b9bce337c8\node_modules\next\dist\compiled\next-server\app-page.runtime.dev.js:35:11242
    at aw (C:\Users\kisho\WorkSpace\Local-Service-Marketplace\frontend\node_modules\.pnpm\next@14.1.0_@babel+core@7.2_6
5e8f102da6c0774eb4814b9bce337c8\node_modules\next\dist\compiled\next-server\app-page.runtime.dev.js:35:13009)
    at ak (C:\Users\kisho\WorkSpace\Local-Service-Marketplace\frontend\node_modules\.pnpm\next@14.1.0_@babel+core@7.2_6
5e8f102da6c0774eb4814b9bce337c8\node_modules\next\dist\compiled\next-server\app-page.runtime.dev.js:35:46552)
    at av (C:\Users\kisho\WorkSpace\Local-Service-Marketplace\frontend\node_modules\.pnpm\next@14.1.0_@babel+core@7.2_6
5e8f102da6c0774eb4814b9bce337c8\node_modules\next\dist\compiled\next-server\app-page.runtime.dev.js:35:7809)
    at C:\Users\kisho\WorkSpace\Local-Service-Marketplace\frontend\node_modules\.pnpm\next@14.1.0_@babel+core@7.2_65e8f
102da6c0774eb4814b9bce337c8\node_modules\next\dist\compiled\next-server\app-page.runtime.dev.js:35:12972
    at aw (C:\Users\kisho\WorkSpace\Local-Service-Marketplace\frontend\node_modules\.pnpm\next@14.1.0_@babel+core@7.2_6
5e8f102da6c0774eb4814b9bce337c8\node_modules\next\dist\compiled\next-server\app-page.runtime.dev.js:35:13009)
 Γ¿» TypeError: Cannot read properties of null (reading 'useContext')
    at x (C:\Users\kisho\WorkSpace\Local-Service-Marketplace\frontend\.next\server\chunks\9273.js:126:43645)
    at f (C:\Users\kisho\WorkSpace\Local-Service-Marketplace\frontend\.next\server\chunks\9273.js:126:34774)
TypeError: Cannot read properties of null (reading 'useContext')
    at t.useContext (C:\Users\kisho\WorkSpace\Local-Service-Marketplace\frontend\node_modules\.pnpm\next@14.1.0_@babel+
core@7.2_65e8f102da6c0774eb4814b9bce337c8\node_modules\next\dist\compiled\next-server\app-page.runtime.prod.js:12:10889
8)
    at x (C:\Users\kisho\WorkSpace\Local-Service-Marketplace\frontend\.next\server\chunks\9273.js:126:43645)
    at f (C:\Users\kisho\WorkSpace\Local-Service-Marketplace\frontend\.next\server\chunks\9273.js:126:34774)
    at as (C:\Users\kisho\WorkSpace\Local-Service-Marketplace\frontend\node_modules\.pnpm\next@14.1.0_@babel+core@7.2_6
5e8f102da6c0774eb4814b9bce337c8\node_modules\next\dist\compiled\next-server\app-page.runtime.dev.js:35:6391)
    at C:\Users\kisho\WorkSpace\Local-Service-Marketplace\frontend\node_modules\.pnpm\next@14.1.0_@babel+core@7.2_65e8f
102da6c0774eb4814b9bce337c8\node_modules\next\dist\compiled\next-server\app-page.runtime.dev.js:35:11242
    at aw (C:\Users\kisho\WorkSpace\Local-Service-Marketplace\frontend\node_modules\.pnpm\next@14.1.0_@babel+core@7.2_6
5e8f102da6c0774eb4814b9bce337c8\node_modules\next\dist\compiled\next-server\app-page.runtime.dev.js:35:13009)
    at ak (C:\Users\kisho\WorkSpace\Local-Service-Marketplace\frontend\node_modules\.pnpm\next@14.1.0_@babel+core@7.2_6
5e8f102da6c0774eb4814b9bce337c8\node_modules\next\dist\compiled\next-server\app-page.runtime.dev.js:35:46552)
    at av (C:\Users\kisho\WorkSpace\Local-Service-Marketplace\frontend\node_modules\.pnpm\next@14.1.0_@babel+core@7.2_6
5e8f102da6c0774eb4814b9bce337c8\node_modules\next\dist\compiled\next-server\app-page.runtime.dev.js:35:7809)
    at C:\Users\kisho\WorkSpace\Local-Service-Marketplace\frontend\node_modules\.pnpm\next@14.1.0_@babel+core@7.2_65e8f
102da6c0774eb4814b9bce337c8\node_modules\next\dist\compiled\next-server\app-page.runtime.dev.js:35:12972
    at aw (C:\Users\kisho\WorkSpace\Local-Service-Marketplace\frontend\node_modules\.pnpm\next@14.1.0_@babel+core@7.2_6
5e8f102da6c0774eb4814b9bce337c8\node_modules\next\dist\compiled\next-server\app-page.runtime.dev.js:35:13009)

Error occurred prerendering page "/forgot-password". Read more: https://nextjs.org/docs/messages/prerender-error

TypeError: Cannot read properties of null (reading 'useContext')
    at t.useContext (C:\Users\kisho\WorkSpace\Local-Service-Marketplace\frontend\node_modules\.pnpm\next@14.1.0_@babel+
core@7.2_65e8f102da6c0774eb4814b9bce337c8\node_modules\next\dist\compiled\next-server\app-page.runtime.prod.js:12:10889
8)
    at x (C:\Users\kisho\WorkSpace\Local-Service-Marketplace\frontend\.next\server\chunks\9273.js:126:43645)
    at f (C:\Users\kisho\WorkSpace\Local-Service-Marketplace\frontend\.next\server\chunks\9273.js:126:34774)
    at as (C:\Users\kisho\WorkSpace\Local-Service-Marketplace\frontend\node_modules\.pnpm\next@14.1.0_@babel+core@7.2_6
5e8f102da6c0774eb4814b9bce337c8\node_modules\next\dist\compiled\next-server\app-page.runtime.dev.js:35:6391)
    at C:\Users\kisho\WorkSpace\Local-Service-Marketplace\frontend\node_modules\.pnpm\next@14.1.0_@babel+core@7.2_65e8f
102da6c0774eb4814b9bce337c8\node_modules\next\dist\compiled\next-server\app-page.runtime.dev.js:35:11242
    at aw (C:\Users\kisho\WorkSpace\Local-Service-Marketplace\frontend\node_modules\.pnpm\next@14.1.0_@babel+core@7.2_6
5e8f102da6c0774eb4814b9bce337c8\node_modules\next\dist\compiled\next-server\app-page.runtime.dev.js:35:13009)
    at ak (C:\Users\kisho\WorkSpace\Local-Service-Marketplace\frontend\node_modules\.pnpm\next@14.1.0_@babel+core@7.2_6
5e8f102da6c0774eb4814b9bce337c8\node_modules\next\dist\compiled\next-server\app-page.runtime.dev.js:35:46552)
    at av (C:\Users\kisho\WorkSpace\Local-Service-Marketplace\frontend\node_modules\.pnpm\next@14.1.0_@babel+core@7.2_6
5e8f102da6c0774eb4814b9bce337c8\node_modules\next\dist\compiled\next-server\app-page.runtime.dev.js:35:7809)
    at C:\Users\kisho\WorkSpace\Local-Service-Marketplace\frontend\node_modules\.pnpm\next@14.1.0_@babel+core@7.2_65e8f
102da6c0774eb4814b9bce337c8\node_modules\next\dist\compiled\next-server\app-page.runtime.dev.js:35:12972
    at aw (C:\Users\kisho\WorkSpace\Local-Service-Marketplace\frontend\node_modules\.pnpm\next@14.1.0_@babel+core@7.2_6
5e8f102da6c0774eb4814b9bce337c8\node_modules\next\dist\compiled\next-server\app-page.runtime.dev.js:35:13009)

   Generating static pages (31/63) 

   Generating static pages (47/63) 

 Γ£ô Generating static pages (63/63) 

> Export encountered errors on following paths:
	/(auth)/callback/page: /callback
	/(auth)/error/page: /error
	/(auth)/forgot-password/page: /forgot-password
	/(auth)/login/page: /login
	/(auth)/phone-login/page: /phone-login
	/(auth)/reset-password/page: /reset-password
	/(auth)/signup/page: /signup
	/(auth)/verify-email/page: /verify-email
	/403/page: /403
	/_error: /404
	/_error: /500
	/_not-found
	/about/page: /about
	/auth/callback/page: /auth/callback
	/careers/page: /careers
	/checkout/page: /checkout
	/contact/page: /contact
	/cookies/page: /cookies
	/faq/page: /faq
	/help/page: /help
	/how-it-works/page: /how-it-works
	/onboarding/page: /onboarding
	/page: /
	/pricing/page: /pricing
	/privacy/page: /privacy
	/providers/page: /providers
	/requests/create/page: /requests/create
	/requests/page: /requests
	/search/page: /search
	/terms/page: /terms
	/unsubscribe/page: /unsubscribe
ΓÇëELIFECYCLEΓÇë Command failed with exit code 1.
